// Jest Snapshot v1, https://goo.gl/fbAQLP

exports[`<Photography /> should render correctly - index 1`] = `
<div>
  <div
    class="sc-dIfARi fTaCDP page-containerstyles__StyledPageContainer-sc-19l7k4-0"
    width="default"
  >
    <div
      class="sc-bqWxrE VcTDu"
    >
      <h1
        class="sc-eDvSVe fsBEuM sc-jrcTuL ewlzmZ"
      >
        Photography
      </h1>
    </div>
    <div
      class="sc-csuSiG icikwB"
    >
      <style>
        .js .animated-content__wrapper--hidden {
  padding-top: 4rem;
  opacity: 0.01;
}
      </style>
      <div
        class="sc-ipEyDJ hsNbKX animated-content__wrapper--hidden"
      >
        <div
          class="photographystyles__LinkContainer-sc-a0s7o0-0 ffPdvo"
        >
          <a
            aria-label="Find me on Flickr (opens in a new tab)"
            class="sc-gswNZR bbFtvE"
            href="https://www.flickr.com/people/georgegillams/"
            rel="noopener noreferrer"
            target="_blank"
          >
            <span
              class="sc-ftTHYK cRFGYD"
            >
              Find me on Flickr
            </span>
            <div
              class="sc-dkrFOg dOaeSw"
            >
              <svg
                class="sc-bcXHqe cbaReT sc-hLBbgP eKXpFg"
                height="18"
                viewBox="0 0 24 24"
                width="18"
                xmlns="http://www.w3.org/2000/svg"
              >
                <path
                  d="M12.5 11.3c.4.4 1 .4 1.4 0L19 6.2V9c0 .6.4 1 1 1s1-.4 1-1V4c0-.6-.4-1-1-1h-5c-.6 0-1 .4-1 1s.4 1 1 1h2.4l-4.9 4.9c-.4.4-.4 1 0 1.4zM19 19c0 1.1-.9 2-2 2H5c-1.1 0-2-.9-2-2V7c0-1.1.9-2 2-2h7v2H5v12h12v-7h2"
                />
              </svg>
            </div>
          </a>
          <a
            aria-label="Find me on Unsplash (opens in a new tab)"
            class="sc-gswNZR bbFtvE"
            href="https://unsplash.com/@georgegillams"
            rel="noopener noreferrer"
            target="_blank"
          >
            <span
              class="sc-ftTHYK cRFGYD"
            >
              Find me on Unsplash
            </span>
            <div
              class="sc-dkrFOg dOaeSw"
            >
              <svg
                class="sc-bcXHqe cbaReT sc-hLBbgP eKXpFg"
                height="18"
                viewBox="0 0 24 24"
                width="18"
                xmlns="http://www.w3.org/2000/svg"
              >
                <path
                  d="M12.5 11.3c.4.4 1 .4 1.4 0L19 6.2V9c0 .6.4 1 1 1s1-.4 1-1V4c0-.6-.4-1-1-1h-5c-.6 0-1 .4-1 1s.4 1 1 1h2.4l-4.9 4.9c-.4.4-.4 1 0 1.4zM19 19c0 1.1-.9 2-2 2H5c-1.1 0-2-.9-2-2V7c0-1.1.9-2 2-2h7v2H5v12h12v-7h2"
                />
              </svg>
            </div>
          </a>
          <a
            aria-label="Find me on GuruShots (opens in a new tab)"
            class="sc-gswNZR bbFtvE"
            href="https://gurushots.com/georgegillams/achievements"
            rel="noopener noreferrer"
            target="_blank"
          >
            <span
              class="sc-ftTHYK cRFGYD"
            >
              Find me on GuruShots
            </span>
            <div
              class="sc-dkrFOg dOaeSw"
            >
              <svg
                class="sc-bcXHqe cbaReT sc-hLBbgP eKXpFg"
                height="18"
                viewBox="0 0 24 24"
                width="18"
                xmlns="http://www.w3.org/2000/svg"
              >
                <path
                  d="M12.5 11.3c.4.4 1 .4 1.4 0L19 6.2V9c0 .6.4 1 1 1s1-.4 1-1V4c0-.6-.4-1-1-1h-5c-.6 0-1 .4-1 1s.4 1 1 1h2.4l-4.9 4.9c-.4.4-.4 1 0 1.4zM19 19c0 1.1-.9 2-2 2H5c-1.1 0-2-.9-2-2V7c0-1.1.9-2 2-2h7v2H5v12h12v-7h2"
                />
              </svg>
            </div>
          </a>
          <a
            class="sc-gswNZR bbFtvE"
            href="/contact"
          >
            <span
              class="sc-ftTHYK cRFGYD"
            >
              Contact me about photography work
            </span>
          </a>
        </div>
      </div>
    </div>
    <div
      class="sc-csuSiG icikwB"
    >
      <style>
        .js .animated-content__wrapper--hidden {
  padding-top: 4rem;
  opacity: 0.01;
}
      </style>
      <div
        class="sc-ipEyDJ hsNbKX animated-content__wrapper--hidden"
      >
        <div
          class="sc-hHTYSt jkmwNj"
          style="width: 100%;"
        >
          <div
            class="sc-dmctIk cOGJAF"
            style="margin-left: -0px;"
          />
        </div>
      </div>
    </div>
  </div>
  <div
    class="sc-csuSiG icikwB"
  >
    <style>
      .js .animated-content__wrapper--hidden {
  opacity: 0.01;
}
    </style>
    <div
      class="sc-ipEyDJ hsNbKX animated-content__wrapper--hidden"
    >
      <div
        class="creative-commonssyles__Wrapper-sc-qff226-0 eObJgx"
      >
        <div
          class="creative-commonssyles__Background-sc-qff226-1 gREbZK"
        />
        <div
          class="sc-fnGiBr cWeZey creative-commonssyles__Inner-sc-qff226-2 jkifKu"
        >
          <h1
            class="sc-gKPRtg jJVvWo sc-idXgbr bJsfvb"
            id="copyright"
          >
            Copyright
          </h1>
          <span
            class="sc-hBxehG jiKGja"
          >
            Most of my photos are licensed under
             
            <a
              aria-label="Creative Commons BY-SA 3.0 (opens in a new tab)"
              class="sc-gswNZR bbFtvE"
              href="https://creativecommons.org/licenses/by-sa/3.0/"
              rel="noopener noreferrer"
              target="_blank"
            >
              <span
                class="sc-ftTHYK cRFGYD"
              >
                Creative Commons BY-SA 3.0
              </span>
              <div
                class="sc-dkrFOg dOaeSw"
              >
                <svg
                  class="sc-bcXHqe cbaReT sc-hLBbgP eKXpFg"
                  height="18"
                  viewBox="0 0 24 24"
                  width="18"
                  xmlns="http://www.w3.org/2000/svg"
                >
                  <path
                    d="M12.5 11.3c.4.4 1 .4 1.4 0L19 6.2V9c0 .6.4 1 1 1s1-.4 1-1V4c0-.6-.4-1-1-1h-5c-.6 0-1 .4-1 1s.4 1 1 1h2.4l-4.9 4.9c-.4.4-.4 1 0 1.4zM19 19c0 1.1-.9 2-2 2H5c-1.1 0-2-.9-2-2V7c0-1.1.9-2 2-2h7v2H5v12h12v-7h2"
                  />
                </svg>
              </div>
            </a>
            .
            <br />
            If you are unsure about your right to use them please 
            <a
              class="sc-gswNZR bbFtvE"
              href="/contact"
            >
              <span
                class="sc-ftTHYK cRFGYD"
              >
                contact me
              </span>
            </a>
            .
          </span>
        </div>
      </div>
    </div>
  </div>
</div>
`;

exports[`<Photography /> should render correctly when loading 1`] = `
<div>
  <div
    class="sc-dIfARi fTaCDP page-containerstyles__StyledPageContainer-sc-19l7k4-0"
    width="default"
  >
    <div
      class="sc-bqWxrE VcTDu"
    >
      <h1
        class="sc-eDvSVe fsBEuM sc-jrcTuL ewlzmZ"
      >
        Photography
      </h1>
    </div>
    <div
      class="sc-csuSiG icikwB"
    >
      <style>
        .js .animated-content__wrapper--hidden {
  padding-top: 4rem;
  opacity: 0.01;
}
      </style>
      <div
        class="sc-ipEyDJ hsNbKX animated-content__wrapper--hidden"
      >
        <div
          class="photographystyles__LinkContainer-sc-a0s7o0-0 ffPdvo"
        >
          <a
            aria-label="Find me on Flickr (opens in a new tab)"
            class="sc-gswNZR bbFtvE"
            href="https://www.flickr.com/people/georgegillams/"
            rel="noopener noreferrer"
            target="_blank"
          >
            <span
              class="sc-ftTHYK cRFGYD"
            >
              Find me on Flickr
            </span>
            <div
              class="sc-dkrFOg dOaeSw"
            >
              <svg
                class="sc-bcXHqe cbaReT sc-hLBbgP eKXpFg"
                height="18"
                viewBox="0 0 24 24"
                width="18"
                xmlns="http://www.w3.org/2000/svg"
              >
                <path
                  d="M12.5 11.3c.4.4 1 .4 1.4 0L19 6.2V9c0 .6.4 1 1 1s1-.4 1-1V4c0-.6-.4-1-1-1h-5c-.6 0-1 .4-1 1s.4 1 1 1h2.4l-4.9 4.9c-.4.4-.4 1 0 1.4zM19 19c0 1.1-.9 2-2 2H5c-1.1 0-2-.9-2-2V7c0-1.1.9-2 2-2h7v2H5v12h12v-7h2"
                />
              </svg>
            </div>
          </a>
          <a
            aria-label="Find me on Unsplash (opens in a new tab)"
            class="sc-gswNZR bbFtvE"
            href="https://unsplash.com/@georgegillams"
            rel="noopener noreferrer"
            target="_blank"
          >
            <span
              class="sc-ftTHYK cRFGYD"
            >
              Find me on Unsplash
            </span>
            <div
              class="sc-dkrFOg dOaeSw"
            >
              <svg
                class="sc-bcXHqe cbaReT sc-hLBbgP eKXpFg"
                height="18"
                viewBox="0 0 24 24"
                width="18"
                xmlns="http://www.w3.org/2000/svg"
              >
                <path
                  d="M12.5 11.3c.4.4 1 .4 1.4 0L19 6.2V9c0 .6.4 1 1 1s1-.4 1-1V4c0-.6-.4-1-1-1h-5c-.6 0-1 .4-1 1s.4 1 1 1h2.4l-4.9 4.9c-.4.4-.4 1 0 1.4zM19 19c0 1.1-.9 2-2 2H5c-1.1 0-2-.9-2-2V7c0-1.1.9-2 2-2h7v2H5v12h12v-7h2"
                />
              </svg>
            </div>
          </a>
          <a
            aria-label="Find me on GuruShots (opens in a new tab)"
            class="sc-gswNZR bbFtvE"
            href="https://gurushots.com/georgegillams/achievements"
            rel="noopener noreferrer"
            target="_blank"
          >
            <span
              class="sc-ftTHYK cRFGYD"
            >
              Find me on GuruShots
            </span>
            <div
              class="sc-dkrFOg dOaeSw"
            >
              <svg
                class="sc-bcXHqe cbaReT sc-hLBbgP eKXpFg"
                height="18"
                viewBox="0 0 24 24"
                width="18"
                xmlns="http://www.w3.org/2000/svg"
              >
                <path
                  d="M12.5 11.3c.4.4 1 .4 1.4 0L19 6.2V9c0 .6.4 1 1 1s1-.4 1-1V4c0-.6-.4-1-1-1h-5c-.6 0-1 .4-1 1s.4 1 1 1h2.4l-4.9 4.9c-.4.4-.4 1 0 1.4zM19 19c0 1.1-.9 2-2 2H5c-1.1 0-2-.9-2-2V7c0-1.1.9-2 2-2h7v2H5v12h12v-7h2"
                />
              </svg>
            </div>
          </a>
          <a
            class="sc-gswNZR bbFtvE"
            href="/contact"
          >
            <span
              class="sc-ftTHYK cRFGYD"
            >
              Contact me about photography work
            </span>
          </a>
        </div>
      </div>
    </div>
    <div
      class="sc-csuSiG icikwB"
    >
      <style>
        .js .animated-content__wrapper--hidden {
  padding-top: 4rem;
  opacity: 0.01;
}
      </style>
      <div
        class="sc-ipEyDJ hsNbKX animated-content__wrapper--hidden"
      >
        <div
          class="sc-hHTYSt jkmwNj"
          style="width: 100%;"
        >
          <div
            class="sc-dmctIk cOGJAF"
            style="margin-left: -0px;"
          />
        </div>
      </div>
    </div>
  </div>
  <div
    class="sc-csuSiG icikwB"
  >
    <style>
      .js .animated-content__wrapper--hidden {
  opacity: 0.01;
}
    </style>
    <div
      class="sc-ipEyDJ hsNbKX animated-content__wrapper--hidden"
    >
      <div
        class="creative-commonssyles__Wrapper-sc-qff226-0 eObJgx"
      >
        <div
          class="creative-commonssyles__Background-sc-qff226-1 gREbZK"
        />
        <div
          class="sc-fnGiBr cWeZey creative-commonssyles__Inner-sc-qff226-2 jkifKu"
        >
          <h1
            class="sc-gKPRtg jJVvWo sc-idXgbr bJsfvb"
            id="copyright"
          >
            Copyright
          </h1>
          <span
            class="sc-hBxehG jiKGja"
          >
            Most of my photos are licensed under
             
            <a
              aria-label="Creative Commons BY-SA 3.0 (opens in a new tab)"
              class="sc-gswNZR bbFtvE"
              href="https://creativecommons.org/licenses/by-sa/3.0/"
              rel="noopener noreferrer"
              target="_blank"
            >
              <span
                class="sc-ftTHYK cRFGYD"
              >
                Creative Commons BY-SA 3.0
              </span>
              <div
                class="sc-dkrFOg dOaeSw"
              >
                <svg
                  class="sc-bcXHqe cbaReT sc-hLBbgP eKXpFg"
                  height="18"
                  viewBox="0 0 24 24"
                  width="18"
                  xmlns="http://www.w3.org/2000/svg"
                >
                  <path
                    d="M12.5 11.3c.4.4 1 .4 1.4 0L19 6.2V9c0 .6.4 1 1 1s1-.4 1-1V4c0-.6-.4-1-1-1h-5c-.6 0-1 .4-1 1s.4 1 1 1h2.4l-4.9 4.9c-.4.4-.4 1 0 1.4zM19 19c0 1.1-.9 2-2 2H5c-1.1 0-2-.9-2-2V7c0-1.1.9-2 2-2h7v2H5v12h12v-7h2"
                  />
                </svg>
              </div>
            </a>
            .
            <br />
            If you are unsure about your right to use them please 
            <a
              class="sc-gswNZR bbFtvE"
              href="/contact"
            >
              <span
                class="sc-ftTHYK cRFGYD"
              >
                contact me
              </span>
            </a>
            .
          </span>
        </div>
      </div>
    </div>
  </div>
</div>
`;

exports[`<Photography /> should render correctly with initial state 1`] = `
<div>
  <div
    class="sc-dIfARi fTaCDP page-containerstyles__StyledPageContainer-sc-19l7k4-0"
    width="default"
  >
    <div
      class="sc-bqWxrE VcTDu"
    >
      <h1
        class="sc-eDvSVe fsBEuM sc-jrcTuL ewlzmZ"
      >
        Photography
      </h1>
    </div>
    <div
      class="sc-csuSiG icikwB"
    >
      <style>
        .js .animated-content__wrapper--hidden {
  padding-top: 4rem;
  opacity: 0.01;
}
      </style>
      <div
        class="sc-ipEyDJ hsNbKX animated-content__wrapper--hidden"
      >
        <div
          class="photographystyles__LinkContainer-sc-a0s7o0-0 ffPdvo"
        >
          <a
            aria-label="Find me on Flickr (opens in a new tab)"
            class="sc-gswNZR bbFtvE"
            href="https://www.flickr.com/people/georgegillams/"
            rel="noopener noreferrer"
            target="_blank"
          >
            <span
              class="sc-ftTHYK cRFGYD"
            >
              Find me on Flickr
            </span>
            <div
              class="sc-dkrFOg dOaeSw"
            >
              <svg
                class="sc-bcXHqe cbaReT sc-hLBbgP eKXpFg"
                height="18"
                viewBox="0 0 24 24"
                width="18"
                xmlns="http://www.w3.org/2000/svg"
              >
                <path
                  d="M12.5 11.3c.4.4 1 .4 1.4 0L19 6.2V9c0 .6.4 1 1 1s1-.4 1-1V4c0-.6-.4-1-1-1h-5c-.6 0-1 .4-1 1s.4 1 1 1h2.4l-4.9 4.9c-.4.4-.4 1 0 1.4zM19 19c0 1.1-.9 2-2 2H5c-1.1 0-2-.9-2-2V7c0-1.1.9-2 2-2h7v2H5v12h12v-7h2"
                />
              </svg>
            </div>
          </a>
          <a
            aria-label="Find me on Unsplash (opens in a new tab)"
            class="sc-gswNZR bbFtvE"
            href="https://unsplash.com/@georgegillams"
            rel="noopener noreferrer"
            target="_blank"
          >
            <span
              class="sc-ftTHYK cRFGYD"
            >
              Find me on Unsplash
            </span>
            <div
              class="sc-dkrFOg dOaeSw"
            >
              <svg
                class="sc-bcXHqe cbaReT sc-hLBbgP eKXpFg"
                height="18"
                viewBox="0 0 24 24"
                width="18"
                xmlns="http://www.w3.org/2000/svg"
              >
                <path
                  d="M12.5 11.3c.4.4 1 .4 1.4 0L19 6.2V9c0 .6.4 1 1 1s1-.4 1-1V4c0-.6-.4-1-1-1h-5c-.6 0-1 .4-1 1s.4 1 1 1h2.4l-4.9 4.9c-.4.4-.4 1 0 1.4zM19 19c0 1.1-.9 2-2 2H5c-1.1 0-2-.9-2-2V7c0-1.1.9-2 2-2h7v2H5v12h12v-7h2"
                />
              </svg>
            </div>
          </a>
          <a
            aria-label="Find me on GuruShots (opens in a new tab)"
            class="sc-gswNZR bbFtvE"
            href="https://gurushots.com/georgegillams/achievements"
            rel="noopener noreferrer"
            target="_blank"
          >
            <span
              class="sc-ftTHYK cRFGYD"
            >
              Find me on GuruShots
            </span>
            <div
              class="sc-dkrFOg dOaeSw"
            >
              <svg
                class="sc-bcXHqe cbaReT sc-hLBbgP eKXpFg"
                height="18"
                viewBox="0 0 24 24"
                width="18"
                xmlns="http://www.w3.org/2000/svg"
              >
                <path
                  d="M12.5 11.3c.4.4 1 .4 1.4 0L19 6.2V9c0 .6.4 1 1 1s1-.4 1-1V4c0-.6-.4-1-1-1h-5c-.6 0-1 .4-1 1s.4 1 1 1h2.4l-4.9 4.9c-.4.4-.4 1 0 1.4zM19 19c0 1.1-.9 2-2 2H5c-1.1 0-2-.9-2-2V7c0-1.1.9-2 2-2h7v2H5v12h12v-7h2"
                />
              </svg>
            </div>
          </a>
          <a
            class="sc-gswNZR bbFtvE"
            href="/contact"
          >
            <span
              class="sc-ftTHYK cRFGYD"
            >
              Contact me about photography work
            </span>
          </a>
        </div>
      </div>
    </div>
    <div
      class="sc-csuSiG icikwB"
    >
      <style>
        .js .animated-content__wrapper--hidden {
  padding-top: 4rem;
  opacity: 0.01;
}
      </style>
      <div
        class="sc-ipEyDJ hsNbKX animated-content__wrapper--hidden"
      >
        <div
          class="sc-hHTYSt jkmwNj"
          style="width: 100%;"
        >
          <div
            class="sc-dmctIk cOGJAF"
            style="margin-left: -0px;"
          />
        </div>
      </div>
    </div>
  </div>
  <div
    class="sc-csuSiG icikwB"
  >
    <style>
      .js .animated-content__wrapper--hidden {
  opacity: 0.01;
}
    </style>
    <div
      class="sc-ipEyDJ hsNbKX animated-content__wrapper--hidden"
    >
      <div
        class="creative-commonssyles__Wrapper-sc-qff226-0 eObJgx"
      >
        <div
          class="creative-commonssyles__Background-sc-qff226-1 gREbZK"
        />
        <div
          class="sc-fnGiBr cWeZey creative-commonssyles__Inner-sc-qff226-2 jkifKu"
        >
          <h1
            class="sc-gKPRtg jJVvWo sc-idXgbr bJsfvb"
            id="copyright"
          >
            Copyright
          </h1>
          <span
            class="sc-hBxehG jiKGja"
          >
            Most of my photos are licensed under
             
            <a
              aria-label="Creative Commons BY-SA 3.0 (opens in a new tab)"
              class="sc-gswNZR bbFtvE"
              href="https://creativecommons.org/licenses/by-sa/3.0/"
              rel="noopener noreferrer"
              target="_blank"
            >
              <span
                class="sc-ftTHYK cRFGYD"
              >
                Creative Commons BY-SA 3.0
              </span>
              <div
                class="sc-dkrFOg dOaeSw"
              >
                <svg
                  class="sc-bcXHqe cbaReT sc-hLBbgP eKXpFg"
                  height="18"
                  viewBox="0 0 24 24"
                  width="18"
                  xmlns="http://www.w3.org/2000/svg"
                >
                  <path
                    d="M12.5 11.3c.4.4 1 .4 1.4 0L19 6.2V9c0 .6.4 1 1 1s1-.4 1-1V4c0-.6-.4-1-1-1h-5c-.6 0-1 .4-1 1s.4 1 1 1h2.4l-4.9 4.9c-.4.4-.4 1 0 1.4zM19 19c0 1.1-.9 2-2 2H5c-1.1 0-2-.9-2-2V7c0-1.1.9-2 2-2h7v2H5v12h12v-7h2"
                  />
                </svg>
              </div>
            </a>
            .
            <br />
            If you are unsure about your right to use them please 
            <a
              class="sc-gswNZR bbFtvE"
              href="/contact"
            >
              <span
                class="sc-ftTHYK cRFGYD"
              >
                contact me
              </span>
            </a>
            .
          </span>
        </div>
      </div>
    </div>
  </div>
</div>
`;

exports[`<Photography /> should render correctly with loadError 1`] = `
<div>
  <div
    class="sc-dIfARi fTaCDP page-containerstyles__StyledPageContainer-sc-19l7k4-0"
    width="default"
  >
    <div
      class="sc-bqWxrE VcTDu"
    >
      <h1
        class="sc-eDvSVe fsBEuM sc-jrcTuL ewlzmZ"
      >
        Photography
      </h1>
    </div>
    <div
      class="sc-csuSiG icikwB"
    >
      <style>
        .js .animated-content__wrapper--hidden {
  padding-top: 4rem;
  opacity: 0.01;
}
      </style>
      <div
        class="sc-ipEyDJ hsNbKX animated-content__wrapper--hidden"
      >
        <div
          class="photographystyles__LinkContainer-sc-a0s7o0-0 ffPdvo"
        >
          <a
            aria-label="Find me on Flickr (opens in a new tab)"
            class="sc-gswNZR bbFtvE"
            href="https://www.flickr.com/people/georgegillams/"
            rel="noopener noreferrer"
            target="_blank"
          >
            <span
              class="sc-ftTHYK cRFGYD"
            >
              Find me on Flickr
            </span>
            <div
              class="sc-dkrFOg dOaeSw"
            >
              <svg
                class="sc-bcXHqe cbaReT sc-hLBbgP eKXpFg"
                height="18"
                viewBox="0 0 24 24"
                width="18"
                xmlns="http://www.w3.org/2000/svg"
              >
                <path
                  d="M12.5 11.3c.4.4 1 .4 1.4 0L19 6.2V9c0 .6.4 1 1 1s1-.4 1-1V4c0-.6-.4-1-1-1h-5c-.6 0-1 .4-1 1s.4 1 1 1h2.4l-4.9 4.9c-.4.4-.4 1 0 1.4zM19 19c0 1.1-.9 2-2 2H5c-1.1 0-2-.9-2-2V7c0-1.1.9-2 2-2h7v2H5v12h12v-7h2"
                />
              </svg>
            </div>
          </a>
          <a
            aria-label="Find me on Unsplash (opens in a new tab)"
            class="sc-gswNZR bbFtvE"
            href="https://unsplash.com/@georgegillams"
            rel="noopener noreferrer"
            target="_blank"
          >
            <span
              class="sc-ftTHYK cRFGYD"
            >
              Find me on Unsplash
            </span>
            <div
              class="sc-dkrFOg dOaeSw"
            >
              <svg
                class="sc-bcXHqe cbaReT sc-hLBbgP eKXpFg"
                height="18"
                viewBox="0 0 24 24"
                width="18"
                xmlns="http://www.w3.org/2000/svg"
              >
                <path
                  d="M12.5 11.3c.4.4 1 .4 1.4 0L19 6.2V9c0 .6.4 1 1 1s1-.4 1-1V4c0-.6-.4-1-1-1h-5c-.6 0-1 .4-1 1s.4 1 1 1h2.4l-4.9 4.9c-.4.4-.4 1 0 1.4zM19 19c0 1.1-.9 2-2 2H5c-1.1 0-2-.9-2-2V7c0-1.1.9-2 2-2h7v2H5v12h12v-7h2"
                />
              </svg>
            </div>
          </a>
          <a
            aria-label="Find me on GuruShots (opens in a new tab)"
            class="sc-gswNZR bbFtvE"
            href="https://gurushots.com/georgegillams/achievements"
            rel="noopener noreferrer"
            target="_blank"
          >
            <span
              class="sc-ftTHYK cRFGYD"
            >
              Find me on GuruShots
            </span>
            <div
              class="sc-dkrFOg dOaeSw"
            >
              <svg
                class="sc-bcXHqe cbaReT sc-hLBbgP eKXpFg"
                height="18"
                viewBox="0 0 24 24"
                width="18"
                xmlns="http://www.w3.org/2000/svg"
              >
                <path
                  d="M12.5 11.3c.4.4 1 .4 1.4 0L19 6.2V9c0 .6.4 1 1 1s1-.4 1-1V4c0-.6-.4-1-1-1h-5c-.6 0-1 .4-1 1s.4 1 1 1h2.4l-4.9 4.9c-.4.4-.4 1 0 1.4zM19 19c0 1.1-.9 2-2 2H5c-1.1 0-2-.9-2-2V7c0-1.1.9-2 2-2h7v2H5v12h12v-7h2"
                />
              </svg>
            </div>
          </a>
          <a
            class="sc-gswNZR bbFtvE"
            href="/contact"
          >
            <span
              class="sc-ftTHYK cRFGYD"
            >
              Contact me about photography work
            </span>
          </a>
        </div>
      </div>
    </div>
    <div
      class="sc-csuSiG icikwB"
    >
      <style>
        .js .animated-content__wrapper--hidden {
  padding-top: 4rem;
  opacity: 0.01;
}
      </style>
      <div
        class="sc-ipEyDJ hsNbKX animated-content__wrapper--hidden"
      >
        <div
          class="sc-hHTYSt jkmwNj"
          style="width: 100%;"
        >
          <div
            class="sc-dmctIk cOGJAF"
            style="margin-left: -0px;"
          />
        </div>
      </div>
    </div>
  </div>
  <div
    class="sc-csuSiG icikwB"
  >
    <style>
      .js .animated-content__wrapper--hidden {
  opacity: 0.01;
}
    </style>
    <div
      class="sc-ipEyDJ hsNbKX animated-content__wrapper--hidden"
    >
      <div
        class="creative-commonssyles__Wrapper-sc-qff226-0 eObJgx"
      >
        <div
          class="creative-commonssyles__Background-sc-qff226-1 gREbZK"
        />
        <div
          class="sc-fnGiBr cWeZey creative-commonssyles__Inner-sc-qff226-2 jkifKu"
        >
          <h1
            class="sc-gKPRtg jJVvWo sc-idXgbr bJsfvb"
            id="copyright"
          >
            Copyright
          </h1>
          <span
            class="sc-hBxehG jiKGja"
          >
            Most of my photos are licensed under
             
            <a
              aria-label="Creative Commons BY-SA 3.0 (opens in a new tab)"
              class="sc-gswNZR bbFtvE"
              href="https://creativecommons.org/licenses/by-sa/3.0/"
              rel="noopener noreferrer"
              target="_blank"
            >
              <span
                class="sc-ftTHYK cRFGYD"
              >
                Creative Commons BY-SA 3.0
              </span>
              <div
                class="sc-dkrFOg dOaeSw"
              >
                <svg
                  class="sc-bcXHqe cbaReT sc-hLBbgP eKXpFg"
                  height="18"
                  viewBox="0 0 24 24"
                  width="18"
                  xmlns="http://www.w3.org/2000/svg"
                >
                  <path
                    d="M12.5 11.3c.4.4 1 .4 1.4 0L19 6.2V9c0 .6.4 1 1 1s1-.4 1-1V4c0-.6-.4-1-1-1h-5c-.6 0-1 .4-1 1s.4 1 1 1h2.4l-4.9 4.9c-.4.4-.4 1 0 1.4zM19 19c0 1.1-.9 2-2 2H5c-1.1 0-2-.9-2-2V7c0-1.1.9-2 2-2h7v2H5v12h12v-7h2"
                  />
                </svg>
              </div>
            </a>
            .
            <br />
            If you are unsure about your right to use them please 
            <a
              class="sc-gswNZR bbFtvE"
              href="/contact"
            >
              <span
                class="sc-ftTHYK cRFGYD"
              >
                contact me
              </span>
            </a>
            .
          </span>
        </div>
      </div>
    </div>
  </div>
</div>
`;

exports[`<Photography /> should render correctly with photos 1`] = `
<div>
  <div
    class="sc-dIfARi fTaCDP page-containerstyles__StyledPageContainer-sc-19l7k4-0"
    width="default"
  >
    <div
      class="sc-bqWxrE VcTDu"
    >
      <h1
        class="sc-eDvSVe fsBEuM sc-jrcTuL ewlzmZ"
      >
        Photography
      </h1>
    </div>
    <div
      class="sc-csuSiG icikwB"
    >
      <style>
        .js .animated-content__wrapper--hidden {
  padding-top: 4rem;
  opacity: 0.01;
}
      </style>
      <div
        class="sc-ipEyDJ hsNbKX animated-content__wrapper--hidden"
      >
        <div
          class="photographystyles__LinkContainer-sc-a0s7o0-0 ffPdvo"
        >
          <a
            aria-label="Find me on Flickr (opens in a new tab)"
            class="sc-gswNZR bbFtvE"
            href="https://www.flickr.com/people/georgegillams/"
            rel="noopener noreferrer"
            target="_blank"
          >
            <span
              class="sc-ftTHYK cRFGYD"
            >
              Find me on Flickr
            </span>
            <div
              class="sc-dkrFOg dOaeSw"
            >
              <svg
                class="sc-bcXHqe cbaReT sc-hLBbgP eKXpFg"
                height="18"
                viewBox="0 0 24 24"
                width="18"
                xmlns="http://www.w3.org/2000/svg"
              >
                <path
                  d="M12.5 11.3c.4.4 1 .4 1.4 0L19 6.2V9c0 .6.4 1 1 1s1-.4 1-1V4c0-.6-.4-1-1-1h-5c-.6 0-1 .4-1 1s.4 1 1 1h2.4l-4.9 4.9c-.4.4-.4 1 0 1.4zM19 19c0 1.1-.9 2-2 2H5c-1.1 0-2-.9-2-2V7c0-1.1.9-2 2-2h7v2H5v12h12v-7h2"
                />
              </svg>
            </div>
          </a>
          <a
            aria-label="Find me on Unsplash (opens in a new tab)"
            class="sc-gswNZR bbFtvE"
            href="https://unsplash.com/@georgegillams"
            rel="noopener noreferrer"
            target="_blank"
          >
            <span
              class="sc-ftTHYK cRFGYD"
            >
              Find me on Unsplash
            </span>
            <div
              class="sc-dkrFOg dOaeSw"
            >
              <svg
                class="sc-bcXHqe cbaReT sc-hLBbgP eKXpFg"
                height="18"
                viewBox="0 0 24 24"
                width="18"
                xmlns="http://www.w3.org/2000/svg"
              >
                <path
                  d="M12.5 11.3c.4.4 1 .4 1.4 0L19 6.2V9c0 .6.4 1 1 1s1-.4 1-1V4c0-.6-.4-1-1-1h-5c-.6 0-1 .4-1 1s.4 1 1 1h2.4l-4.9 4.9c-.4.4-.4 1 0 1.4zM19 19c0 1.1-.9 2-2 2H5c-1.1 0-2-.9-2-2V7c0-1.1.9-2 2-2h7v2H5v12h12v-7h2"
                />
              </svg>
            </div>
          </a>
          <a
            aria-label="Find me on GuruShots (opens in a new tab)"
            class="sc-gswNZR bbFtvE"
            href="https://gurushots.com/georgegillams/achievements"
            rel="noopener noreferrer"
            target="_blank"
          >
            <span
              class="sc-ftTHYK cRFGYD"
            >
              Find me on GuruShots
            </span>
            <div
              class="sc-dkrFOg dOaeSw"
            >
              <svg
                class="sc-bcXHqe cbaReT sc-hLBbgP eKXpFg"
                height="18"
                viewBox="0 0 24 24"
                width="18"
                xmlns="http://www.w3.org/2000/svg"
              >
                <path
                  d="M12.5 11.3c.4.4 1 .4 1.4 0L19 6.2V9c0 .6.4 1 1 1s1-.4 1-1V4c0-.6-.4-1-1-1h-5c-.6 0-1 .4-1 1s.4 1 1 1h2.4l-4.9 4.9c-.4.4-.4 1 0 1.4zM19 19c0 1.1-.9 2-2 2H5c-1.1 0-2-.9-2-2V7c0-1.1.9-2 2-2h7v2H5v12h12v-7h2"
                />
              </svg>
            </div>
          </a>
          <a
            class="sc-gswNZR bbFtvE"
            href="/contact"
          >
            <span
              class="sc-ftTHYK cRFGYD"
            >
              Contact me about photography work
            </span>
          </a>
        </div>
      </div>
    </div>
    <div
      class="sc-csuSiG icikwB"
    >
      <style>
        .js .animated-content__wrapper--hidden {
  padding-top: 4rem;
  opacity: 0.01;
}
      </style>
      <div
        class="sc-ipEyDJ hsNbKX animated-content__wrapper--hidden"
      >
        <div
          class="sc-hHTYSt jkmwNj"
          style="width: 100%;"
        >
          <div
            class="sc-dmctIk cOGJAF"
            style="margin-left: -0px;"
          />
        </div>
      </div>
    </div>
  </div>
  <div
    class="sc-csuSiG icikwB"
  >
    <style>
      .js .animated-content__wrapper--hidden {
  opacity: 0.01;
}
    </style>
    <div
      class="sc-ipEyDJ hsNbKX animated-content__wrapper--hidden"
    >
      <div
        class="creative-commonssyles__Wrapper-sc-qff226-0 eObJgx"
      >
        <div
          class="creative-commonssyles__Background-sc-qff226-1 gREbZK"
        />
        <div
          class="sc-fnGiBr cWeZey creative-commonssyles__Inner-sc-qff226-2 jkifKu"
        >
          <h1
            class="sc-gKPRtg jJVvWo sc-idXgbr bJsfvb"
            id="copyright"
          >
            Copyright
          </h1>
          <span
            class="sc-hBxehG jiKGja"
          >
            Most of my photos are licensed under
             
            <a
              aria-label="Creative Commons BY-SA 3.0 (opens in a new tab)"
              class="sc-gswNZR bbFtvE"
              href="https://creativecommons.org/licenses/by-sa/3.0/"
              rel="noopener noreferrer"
              target="_blank"
            >
              <span
                class="sc-ftTHYK cRFGYD"
              >
                Creative Commons BY-SA 3.0
              </span>
              <div
                class="sc-dkrFOg dOaeSw"
              >
                <svg
                  class="sc-bcXHqe cbaReT sc-hLBbgP eKXpFg"
                  height="18"
                  viewBox="0 0 24 24"
                  width="18"
                  xmlns="http://www.w3.org/2000/svg"
                >
                  <path
                    d="M12.5 11.3c.4.4 1 .4 1.4 0L19 6.2V9c0 .6.4 1 1 1s1-.4 1-1V4c0-.6-.4-1-1-1h-5c-.6 0-1 .4-1 1s.4 1 1 1h2.4l-4.9 4.9c-.4.4-.4 1 0 1.4zM19 19c0 1.1-.9 2-2 2H5c-1.1 0-2-.9-2-2V7c0-1.1.9-2 2-2h7v2H5v12h12v-7h2"
                  />
                </svg>
              </div>
            </a>
            .
            <br />
            If you are unsure about your right to use them please 
            <a
              class="sc-gswNZR bbFtvE"
              href="/contact"
            >
              <span
                class="sc-ftTHYK cRFGYD"
              >
                contact me
              </span>
            </a>
            .
          </span>
        </div>
      </div>
    </div>
  </div>
</div>
`;
