// Jest Snapshot v1, https://goo.gl/fbAQLP

exports[`Support saga loadPhotos actions Should call loadPhotos.failure if API returns error 1`] = `
Object {
  "@@redux-saga/IO": true,
  "combinator": false,
  "payload": Object {
    "action": Object {
      "type": "app/photography/LOAD_PHOTOS/REQUEST",
    },
    "channel": undefined,
  },
  "type": "PUT",
}
`;

exports[`Support saga loadPhotos actions Should call loadPhotos.failure if an exception occurs 1`] = `
Object {
  "@@redux-saga/IO": true,
  "combinator": false,
  "payload": Object {
    "action": Object {
      "type": "app/photography/LOAD_PHOTOS/REQUEST",
    },
    "channel": undefined,
  },
  "type": "PUT",
}
`;

exports[`Support saga loadPhotos actions Should call loadPhotos.success on successful API call 1`] = `
Object {
  "@@redux-saga/IO": true,
  "combinator": false,
  "payload": Object {
    "action": Object {
      "type": "app/photography/LOAD_PHOTOS/REQUEST",
    },
    "channel": undefined,
  },
  "type": "PUT",
}
`;
