// Jest Snapshot v1, https://goo.gl/fbAQLP

exports[`<ApiDocs /> should render correctly 1`] = `
<div>
  <div
    class="sc-bcXHqe dKDSeC page-containerstyles__StyledPageContainer-sc-19l7k4-0"
    width="default"
  >
    <div
      class="sc-hBxehG kRpDOl"
    >
      <h1
        class="sc-gKPRtg kZXQcu sc-ipEyDJ jfsqCE"
      >
        API docs
      </h1>
    </div>
    <div
      class="api-docsstyles__VerticalScrollContainer-sc-4t6xyo-3 cGJQxR"
    >
      <table
        class="api-docsstyles__StyledTable-sc-4t6xyo-0 ljoqFk"
      >
        <thead
          class="sc-bjfHbI hTZsqY"
        >
          <tr
            class="sc-dIfARi"
          >
            <th
              class="sc-hHTYSt fJuwLg"
            >
              <span
                class="sc-gswNZR iZwDAZ"
              >
                Path
              </span>
            </th>
            <th
              class="sc-hHTYSt fJuwLg"
            >
              <span
                class="sc-gswNZR iZwDAZ"
              >
                Method
              </span>
            </th>
            <th
              class="sc-hHTYSt fJuwLg"
            >
              <span
                class="sc-gswNZR iZwDAZ"
              >
                Arguments
              </span>
            </th>
            <th
              class="sc-hHTYSt fJuwLg"
            >
              <span
                class="sc-gswNZR iZwDAZ"
              >
                Authorisation
              </span>
            </th>
            <th
              class="sc-hHTYSt fJuwLg"
            >
              <span
                class="sc-gswNZR iZwDAZ"
              >
                Description
              </span>
            </th>
          </tr>
        </thead>
        <tbody
          class="sc-idXgbr"
        >
          <tr
            class="sc-dIfARi"
          >
            <th
              class="sc-hHTYSt fJuwLg"
            >
              <a
                aria-label="/analytics/create (opens in a new tab)"
                class="sc-hLBbgP lcnCbW"
                href="https://www.georgegillams.co.uk/api/analytics/create"
                rel="noopener noreferrer"
                target="_blank"
              >
                <span
                  class="sc-jrcTuL ddyEiV"
                >
                  /analytics/create
                </span>
                <div
                  class="sc-eDvSVe kRlCjo"
                >
                  <svg
                    class="sc-dkrFOg bLfPgZ sc-jSUZER kDBwKa"
                    height="18"
                    viewBox="0 0 24 24"
                    width="18"
                    xmlns="http://www.w3.org/2000/svg"
                  >
                    <path
                      d="M12.5 11.3c.4.4 1 .4 1.4 0L19 6.2V9c0 .6.4 1 1 1s1-.4 1-1V4c0-.6-.4-1-1-1h-5c-.6 0-1 .4-1 1s.4 1 1 1h2.4l-4.9 4.9c-.4.4-.4 1 0 1.4zM19 19c0 1.1-.9 2-2 2H5c-1.1 0-2-.9-2-2V7c0-1.1.9-2 2-2h7v2H5v12h12v-7h2"
                    />
                  </svg>
                </div>
              </a>
            </th>
            <th
              class="sc-hHTYSt fJuwLg"
            >
              <span
                class="sc-gswNZR iZwDAZ api-docsstyles__Method-sc-4t6xyo-2 jGEmiL"
              >
                POST
              </span>
            </th>
            <th
              class="sc-hHTYSt fJuwLg"
            >
              <span
                class="sc-gswNZR iZwDAZ"
              />
            </th>
            <th
              class="sc-hHTYSt fJuwLg"
            >
              <span
                class="sc-gswNZR iZwDAZ"
              >
                None
              </span>
            </th>
            <th
              class="sc-hHTYSt fJuwLg"
            >
              <span
                class="sc-gswNZR iZwDAZ api-docsstyles__Description-sc-4t6xyo-1 dkIedw"
              >
                Registers information about the page navigated to
              </span>
            </th>
          </tr>
          <tr
            class="sc-dIfARi"
          >
            <th
              class="sc-hHTYSt fJuwLg"
            >
              <a
                aria-label="/analytics/load-all (opens in a new tab)"
                class="sc-hLBbgP lcnCbW"
                href="https://www.georgegillams.co.uk/api/analytics/load-all"
                rel="noopener noreferrer"
                target="_blank"
              >
                <span
                  class="sc-jrcTuL ddyEiV"
                >
                  /analytics/load-all
                </span>
                <div
                  class="sc-eDvSVe kRlCjo"
                >
                  <svg
                    class="sc-dkrFOg bLfPgZ sc-jSUZER kDBwKa"
                    height="18"
                    viewBox="0 0 24 24"
                    width="18"
                    xmlns="http://www.w3.org/2000/svg"
                  >
                    <path
                      d="M12.5 11.3c.4.4 1 .4 1.4 0L19 6.2V9c0 .6.4 1 1 1s1-.4 1-1V4c0-.6-.4-1-1-1h-5c-.6 0-1 .4-1 1s.4 1 1 1h2.4l-4.9 4.9c-.4.4-.4 1 0 1.4zM19 19c0 1.1-.9 2-2 2H5c-1.1 0-2-.9-2-2V7c0-1.1.9-2 2-2h7v2H5v12h12v-7h2"
                    />
                  </svg>
                </div>
              </a>
            </th>
            <th
              class="sc-hHTYSt fJuwLg"
            >
              <span
                class="sc-gswNZR iZwDAZ api-docsstyles__Method-sc-4t6xyo-2 jGEmiL"
              >
                GET
              </span>
            </th>
            <th
              class="sc-hHTYSt fJuwLg"
            >
              <span
                class="sc-gswNZR iZwDAZ"
              />
            </th>
            <th
              class="sc-hHTYSt fJuwLg"
            >
              <span
                class="sc-gswNZR iZwDAZ"
              >
                Admin only
              </span>
            </th>
            <th
              class="sc-hHTYSt fJuwLg"
            >
              <span
                class="sc-gswNZR iZwDAZ api-docsstyles__Description-sc-4t6xyo-1 dkIedw"
              >
                Loads all raw analytic points
              </span>
            </th>
          </tr>
          <tr
            class="sc-dIfARi"
          >
            <th
              class="sc-hHTYSt fJuwLg"
            >
              <a
                aria-label="/analytics/load (opens in a new tab)"
                class="sc-hLBbgP lcnCbW"
                href="https://www.georgegillams.co.uk/api/analytics/load"
                rel="noopener noreferrer"
                target="_blank"
              >
                <span
                  class="sc-jrcTuL ddyEiV"
                >
                  /analytics/load
                </span>
                <div
                  class="sc-eDvSVe kRlCjo"
                >
                  <svg
                    class="sc-dkrFOg bLfPgZ sc-jSUZER kDBwKa"
                    height="18"
                    viewBox="0 0 24 24"
                    width="18"
                    xmlns="http://www.w3.org/2000/svg"
                  >
                    <path
                      d="M12.5 11.3c.4.4 1 .4 1.4 0L19 6.2V9c0 .6.4 1 1 1s1-.4 1-1V4c0-.6-.4-1-1-1h-5c-.6 0-1 .4-1 1s.4 1 1 1h2.4l-4.9 4.9c-.4.4-.4 1 0 1.4zM19 19c0 1.1-.9 2-2 2H5c-1.1 0-2-.9-2-2V7c0-1.1.9-2 2-2h7v2H5v12h12v-7h2"
                    />
                  </svg>
                </div>
              </a>
            </th>
            <th
              class="sc-hHTYSt fJuwLg"
            >
              <span
                class="sc-gswNZR iZwDAZ api-docsstyles__Method-sc-4t6xyo-2 jGEmiL"
              >
                GET
              </span>
            </th>
            <th
              class="sc-hHTYSt fJuwLg"
            >
              <span
                class="sc-gswNZR iZwDAZ"
              />
            </th>
            <th
              class="sc-hHTYSt fJuwLg"
            >
              <span
                class="sc-gswNZR iZwDAZ"
              >
                Admin only
              </span>
            </th>
            <th
              class="sc-hHTYSt fJuwLg"
            >
              <span
                class="sc-gswNZR iZwDAZ api-docsstyles__Description-sc-4t6xyo-1 dkIedw"
              >
                Loads a summary of unique analytic points
              </span>
            </th>
          </tr>
          <tr
            class="sc-dIfARi"
          >
            <th
              class="sc-hHTYSt fJuwLg"
            >
              <a
                aria-label="/auth/load (opens in a new tab)"
                class="sc-hLBbgP lcnCbW"
                href="https://www.georgegillams.co.uk/api/auth/load"
                rel="noopener noreferrer"
                target="_blank"
              >
                <span
                  class="sc-jrcTuL ddyEiV"
                >
                  /auth/load
                </span>
                <div
                  class="sc-eDvSVe kRlCjo"
                >
                  <svg
                    class="sc-dkrFOg bLfPgZ sc-jSUZER kDBwKa"
                    height="18"
                    viewBox="0 0 24 24"
                    width="18"
                    xmlns="http://www.w3.org/2000/svg"
                  >
                    <path
                      d="M12.5 11.3c.4.4 1 .4 1.4 0L19 6.2V9c0 .6.4 1 1 1s1-.4 1-1V4c0-.6-.4-1-1-1h-5c-.6 0-1 .4-1 1s.4 1 1 1h2.4l-4.9 4.9c-.4.4-.4 1 0 1.4zM19 19c0 1.1-.9 2-2 2H5c-1.1 0-2-.9-2-2V7c0-1.1.9-2 2-2h7v2H5v12h12v-7h2"
                    />
                  </svg>
                </div>
              </a>
            </th>
            <th
              class="sc-hHTYSt fJuwLg"
            >
              <span
                class="sc-gswNZR iZwDAZ api-docsstyles__Method-sc-4t6xyo-2 jGEmiL"
              >
                GET
              </span>
            </th>
            <th
              class="sc-hHTYSt fJuwLg"
            >
              <span
                class="sc-gswNZR iZwDAZ"
              />
            </th>
            <th
              class="sc-hHTYSt fJuwLg"
            >
              <span
                class="sc-gswNZR iZwDAZ"
              >
                None
              </span>
            </th>
            <th
              class="sc-hHTYSt fJuwLg"
            >
              <span
                class="sc-gswNZR iZwDAZ api-docsstyles__Description-sc-4t6xyo-1 dkIedw"
              >
                Loads the currently authenticated used. Returns null if signed out
              </span>
            </th>
          </tr>
          <tr
            class="sc-dIfARi"
          >
            <th
              class="sc-hHTYSt fJuwLg"
            >
              <a
                aria-label="/auth/logout (opens in a new tab)"
                class="sc-hLBbgP lcnCbW"
                href="https://www.georgegillams.co.uk/api/auth/logout"
                rel="noopener noreferrer"
                target="_blank"
              >
                <span
                  class="sc-jrcTuL ddyEiV"
                >
                  /auth/logout
                </span>
                <div
                  class="sc-eDvSVe kRlCjo"
                >
                  <svg
                    class="sc-dkrFOg bLfPgZ sc-jSUZER kDBwKa"
                    height="18"
                    viewBox="0 0 24 24"
                    width="18"
                    xmlns="http://www.w3.org/2000/svg"
                  >
                    <path
                      d="M12.5 11.3c.4.4 1 .4 1.4 0L19 6.2V9c0 .6.4 1 1 1s1-.4 1-1V4c0-.6-.4-1-1-1h-5c-.6 0-1 .4-1 1s.4 1 1 1h2.4l-4.9 4.9c-.4.4-.4 1 0 1.4zM19 19c0 1.1-.9 2-2 2H5c-1.1 0-2-.9-2-2V7c0-1.1.9-2 2-2h7v2H5v12h12v-7h2"
                    />
                  </svg>
                </div>
              </a>
            </th>
            <th
              class="sc-hHTYSt fJuwLg"
            >
              <span
                class="sc-gswNZR iZwDAZ api-docsstyles__Method-sc-4t6xyo-2 jGEmiL"
              >
                POST
              </span>
            </th>
            <th
              class="sc-hHTYSt fJuwLg"
            >
              <span
                class="sc-gswNZR iZwDAZ"
              />
            </th>
            <th
              class="sc-hHTYSt fJuwLg"
            >
              <span
                class="sc-gswNZR iZwDAZ"
              >
                None
              </span>
            </th>
            <th
              class="sc-hHTYSt fJuwLg"
            >
              <span
                class="sc-gswNZR iZwDAZ api-docsstyles__Description-sc-4t6xyo-1 dkIedw"
              >
                Logs out the currently authenticated user
              </span>
            </th>
          </tr>
          <tr
            class="sc-dIfARi"
          >
            <th
              class="sc-hHTYSt fJuwLg"
            >
              <a
                aria-label="/auth/request-verification-email (opens in a new tab)"
                class="sc-hLBbgP lcnCbW"
                href="https://www.georgegillams.co.uk/api/auth/request-verification-email"
                rel="noopener noreferrer"
                target="_blank"
              >
                <span
                  class="sc-jrcTuL ddyEiV"
                >
                  /auth/request-verification-email
                </span>
                <div
                  class="sc-eDvSVe kRlCjo"
                >
                  <svg
                    class="sc-dkrFOg bLfPgZ sc-jSUZER kDBwKa"
                    height="18"
                    viewBox="0 0 24 24"
                    width="18"
                    xmlns="http://www.w3.org/2000/svg"
                  >
                    <path
                      d="M12.5 11.3c.4.4 1 .4 1.4 0L19 6.2V9c0 .6.4 1 1 1s1-.4 1-1V4c0-.6-.4-1-1-1h-5c-.6 0-1 .4-1 1s.4 1 1 1h2.4l-4.9 4.9c-.4.4-.4 1 0 1.4zM19 19c0 1.1-.9 2-2 2H5c-1.1 0-2-.9-2-2V7c0-1.1.9-2 2-2h7v2H5v12h12v-7h2"
                    />
                  </svg>
                </div>
              </a>
            </th>
            <th
              class="sc-hHTYSt fJuwLg"
            >
              <span
                class="sc-gswNZR iZwDAZ api-docsstyles__Method-sc-4t6xyo-2 jGEmiL"
              >
                POST
              </span>
            </th>
            <th
              class="sc-hHTYSt fJuwLg"
            >
              <span
                class="sc-gswNZR iZwDAZ"
              />
            </th>
            <th
              class="sc-hHTYSt fJuwLg"
            >
              <span
                class="sc-gswNZR iZwDAZ"
              >
                Any user
              </span>
            </th>
            <th
              class="sc-hHTYSt fJuwLg"
            >
              <span
                class="sc-gswNZR iZwDAZ api-docsstyles__Description-sc-4t6xyo-1 dkIedw"
              >
                Resends an email verification email
              </span>
            </th>
          </tr>
          <tr
            class="sc-dIfARi"
          >
            <th
              class="sc-hHTYSt fJuwLg"
            >
              <a
                aria-label="/auth/verify-email (opens in a new tab)"
                class="sc-hLBbgP lcnCbW"
                href="https://www.georgegillams.co.uk/api/auth/verify-email"
                rel="noopener noreferrer"
                target="_blank"
              >
                <span
                  class="sc-jrcTuL ddyEiV"
                >
                  /auth/verify-email
                </span>
                <div
                  class="sc-eDvSVe kRlCjo"
                >
                  <svg
                    class="sc-dkrFOg bLfPgZ sc-jSUZER kDBwKa"
                    height="18"
                    viewBox="0 0 24 24"
                    width="18"
                    xmlns="http://www.w3.org/2000/svg"
                  >
                    <path
                      d="M12.5 11.3c.4.4 1 .4 1.4 0L19 6.2V9c0 .6.4 1 1 1s1-.4 1-1V4c0-.6-.4-1-1-1h-5c-.6 0-1 .4-1 1s.4 1 1 1h2.4l-4.9 4.9c-.4.4-.4 1 0 1.4zM19 19c0 1.1-.9 2-2 2H5c-1.1 0-2-.9-2-2V7c0-1.1.9-2 2-2h7v2H5v12h12v-7h2"
                    />
                  </svg>
                </div>
              </a>
            </th>
            <th
              class="sc-hHTYSt fJuwLg"
            >
              <span
                class="sc-gswNZR iZwDAZ api-docsstyles__Method-sc-4t6xyo-2 jGEmiL"
              >
                POST
              </span>
            </th>
            <th
              class="sc-hHTYSt fJuwLg"
            >
              <span
                class="sc-gswNZR iZwDAZ"
              />
            </th>
            <th
              class="sc-hHTYSt fJuwLg"
            >
              <span
                class="sc-gswNZR iZwDAZ"
              >
                None
              </span>
            </th>
            <th
              class="sc-hHTYSt fJuwLg"
            >
              <span
                class="sc-gswNZR iZwDAZ api-docsstyles__Description-sc-4t6xyo-1 dkIedw"
              >
                Verify an email address with a secret verification key
              </span>
            </th>
          </tr>
          <tr
            class="sc-dIfARi"
          >
            <th
              class="sc-hHTYSt fJuwLg"
            >
              <a
                aria-label="/emails/load (opens in a new tab)"
                class="sc-hLBbgP lcnCbW"
                href="https://www.georgegillams.co.uk/api/emails/load"
                rel="noopener noreferrer"
                target="_blank"
              >
                <span
                  class="sc-jrcTuL ddyEiV"
                >
                  /emails/load
                </span>
                <div
                  class="sc-eDvSVe kRlCjo"
                >
                  <svg
                    class="sc-dkrFOg bLfPgZ sc-jSUZER kDBwKa"
                    height="18"
                    viewBox="0 0 24 24"
                    width="18"
                    xmlns="http://www.w3.org/2000/svg"
                  >
                    <path
                      d="M12.5 11.3c.4.4 1 .4 1.4 0L19 6.2V9c0 .6.4 1 1 1s1-.4 1-1V4c0-.6-.4-1-1-1h-5c-.6 0-1 .4-1 1s.4 1 1 1h2.4l-4.9 4.9c-.4.4-.4 1 0 1.4zM19 19c0 1.1-.9 2-2 2H5c-1.1 0-2-.9-2-2V7c0-1.1.9-2 2-2h7v2H5v12h12v-7h2"
                    />
                  </svg>
                </div>
              </a>
            </th>
            <th
              class="sc-hHTYSt fJuwLg"
            >
              <span
                class="sc-gswNZR iZwDAZ api-docsstyles__Method-sc-4t6xyo-2 jGEmiL"
              >
                GET
              </span>
            </th>
            <th
              class="sc-hHTYSt fJuwLg"
            >
              <span
                class="sc-gswNZR iZwDAZ"
              />
            </th>
            <th
              class="sc-hHTYSt fJuwLg"
            >
              <span
                class="sc-gswNZR iZwDAZ"
              >
                Admin only
              </span>
            </th>
            <th
              class="sc-hHTYSt fJuwLg"
            >
              <span
                class="sc-gswNZR iZwDAZ api-docsstyles__Description-sc-4t6xyo-1 dkIedw"
              >
                Loads emails that have been sent
              </span>
            </th>
          </tr>
          <tr
            class="sc-dIfARi"
          >
            <th
              class="sc-hHTYSt fJuwLg"
            >
              <a
                aria-label="/emails/resend (opens in a new tab)"
                class="sc-hLBbgP lcnCbW"
                href="https://www.georgegillams.co.uk/api/emails/resend"
                rel="noopener noreferrer"
                target="_blank"
              >
                <span
                  class="sc-jrcTuL ddyEiV"
                >
                  /emails/resend
                </span>
                <div
                  class="sc-eDvSVe kRlCjo"
                >
                  <svg
                    class="sc-dkrFOg bLfPgZ sc-jSUZER kDBwKa"
                    height="18"
                    viewBox="0 0 24 24"
                    width="18"
                    xmlns="http://www.w3.org/2000/svg"
                  >
                    <path
                      d="M12.5 11.3c.4.4 1 .4 1.4 0L19 6.2V9c0 .6.4 1 1 1s1-.4 1-1V4c0-.6-.4-1-1-1h-5c-.6 0-1 .4-1 1s.4 1 1 1h2.4l-4.9 4.9c-.4.4-.4 1 0 1.4zM19 19c0 1.1-.9 2-2 2H5c-1.1 0-2-.9-2-2V7c0-1.1.9-2 2-2h7v2H5v12h12v-7h2"
                    />
                  </svg>
                </div>
              </a>
            </th>
            <th
              class="sc-hHTYSt fJuwLg"
            >
              <span
                class="sc-gswNZR iZwDAZ api-docsstyles__Method-sc-4t6xyo-2 jGEmiL"
              >
                POST
              </span>
            </th>
            <th
              class="sc-hHTYSt fJuwLg"
            >
              <span
                class="sc-gswNZR iZwDAZ"
              />
            </th>
            <th
              class="sc-hHTYSt fJuwLg"
            >
              <span
                class="sc-gswNZR iZwDAZ"
              >
                Admin only
              </span>
            </th>
            <th
              class="sc-hHTYSt fJuwLg"
            >
              <span
                class="sc-gswNZR iZwDAZ api-docsstyles__Description-sc-4t6xyo-1 dkIedw"
              >
                Resends an email that's stored in the database
              </span>
            </th>
          </tr>
          <tr
            class="sc-dIfARi"
          >
            <th
              class="sc-hHTYSt fJuwLg"
            >
              <a
                aria-label="/magic-links/login (opens in a new tab)"
                class="sc-hLBbgP lcnCbW"
                href="https://www.georgegillams.co.uk/api/magic-links/login"
                rel="noopener noreferrer"
                target="_blank"
              >
                <span
                  class="sc-jrcTuL ddyEiV"
                >
                  /magic-links/login
                </span>
                <div
                  class="sc-eDvSVe kRlCjo"
                >
                  <svg
                    class="sc-dkrFOg bLfPgZ sc-jSUZER kDBwKa"
                    height="18"
                    viewBox="0 0 24 24"
                    width="18"
                    xmlns="http://www.w3.org/2000/svg"
                  >
                    <path
                      d="M12.5 11.3c.4.4 1 .4 1.4 0L19 6.2V9c0 .6.4 1 1 1s1-.4 1-1V4c0-.6-.4-1-1-1h-5c-.6 0-1 .4-1 1s.4 1 1 1h2.4l-4.9 4.9c-.4.4-.4 1 0 1.4zM19 19c0 1.1-.9 2-2 2H5c-1.1 0-2-.9-2-2V7c0-1.1.9-2 2-2h7v2H5v12h12v-7h2"
                    />
                  </svg>
                </div>
              </a>
            </th>
            <th
              class="sc-hHTYSt fJuwLg"
            >
              <span
                class="sc-gswNZR iZwDAZ api-docsstyles__Method-sc-4t6xyo-2 jGEmiL"
              >
                POST
              </span>
            </th>
            <th
              class="sc-hHTYSt fJuwLg"
            >
              <span
                class="sc-gswNZR iZwDAZ"
              />
            </th>
            <th
              class="sc-hHTYSt fJuwLg"
            >
              <span
                class="sc-gswNZR iZwDAZ"
              >
                None
              </span>
            </th>
            <th
              class="sc-hHTYSt fJuwLg"
            >
              <span
                class="sc-gswNZR iZwDAZ api-docsstyles__Description-sc-4t6xyo-1 dkIedw"
              >
                Login using a secret magic-link key
              </span>
            </th>
          </tr>
          <tr
            class="sc-dIfARi"
          >
            <th
              class="sc-hHTYSt fJuwLg"
            >
              <a
                aria-label="/magic-links/request (opens in a new tab)"
                class="sc-hLBbgP lcnCbW"
                href="https://www.georgegillams.co.uk/api/magic-links/request"
                rel="noopener noreferrer"
                target="_blank"
              >
                <span
                  class="sc-jrcTuL ddyEiV"
                >
                  /magic-links/request
                </span>
                <div
                  class="sc-eDvSVe kRlCjo"
                >
                  <svg
                    class="sc-dkrFOg bLfPgZ sc-jSUZER kDBwKa"
                    height="18"
                    viewBox="0 0 24 24"
                    width="18"
                    xmlns="http://www.w3.org/2000/svg"
                  >
                    <path
                      d="M12.5 11.3c.4.4 1 .4 1.4 0L19 6.2V9c0 .6.4 1 1 1s1-.4 1-1V4c0-.6-.4-1-1-1h-5c-.6 0-1 .4-1 1s.4 1 1 1h2.4l-4.9 4.9c-.4.4-.4 1 0 1.4zM19 19c0 1.1-.9 2-2 2H5c-1.1 0-2-.9-2-2V7c0-1.1.9-2 2-2h7v2H5v12h12v-7h2"
                    />
                  </svg>
                </div>
              </a>
            </th>
            <th
              class="sc-hHTYSt fJuwLg"
            >
              <span
                class="sc-gswNZR iZwDAZ api-docsstyles__Method-sc-4t6xyo-2 jGEmiL"
              >
                POST
              </span>
            </th>
            <th
              class="sc-hHTYSt fJuwLg"
            >
              <span
                class="sc-gswNZR iZwDAZ"
              />
            </th>
            <th
              class="sc-hHTYSt fJuwLg"
            >
              <span
                class="sc-gswNZR iZwDAZ"
              >
                None
              </span>
            </th>
            <th
              class="sc-hHTYSt fJuwLg"
            >
              <span
                class="sc-gswNZR iZwDAZ api-docsstyles__Description-sc-4t6xyo-1 dkIedw"
              >
                Request a magic link for a given account using the account's email address
              </span>
            </th>
          </tr>
          <tr
            class="sc-dIfARi"
          >
            <th
              class="sc-hHTYSt fJuwLg"
            >
              <a
                aria-label="/data-management/backup (opens in a new tab)"
                class="sc-hLBbgP lcnCbW"
                href="https://www.georgegillams.co.uk/api/data-management/backup"
                rel="noopener noreferrer"
                target="_blank"
              >
                <span
                  class="sc-jrcTuL ddyEiV"
                >
                  /data-management/backup
                </span>
                <div
                  class="sc-eDvSVe kRlCjo"
                >
                  <svg
                    class="sc-dkrFOg bLfPgZ sc-jSUZER kDBwKa"
                    height="18"
                    viewBox="0 0 24 24"
                    width="18"
                    xmlns="http://www.w3.org/2000/svg"
                  >
                    <path
                      d="M12.5 11.3c.4.4 1 .4 1.4 0L19 6.2V9c0 .6.4 1 1 1s1-.4 1-1V4c0-.6-.4-1-1-1h-5c-.6 0-1 .4-1 1s.4 1 1 1h2.4l-4.9 4.9c-.4.4-.4 1 0 1.4zM19 19c0 1.1-.9 2-2 2H5c-1.1 0-2-.9-2-2V7c0-1.1.9-2 2-2h7v2H5v12h12v-7h2"
                    />
                  </svg>
                </div>
              </a>
            </th>
            <th
              class="sc-hHTYSt fJuwLg"
            >
              <span
                class="sc-gswNZR iZwDAZ api-docsstyles__Method-sc-4t6xyo-2 jGEmiL"
              >
                GET
              </span>
            </th>
            <th
              class="sc-hHTYSt fJuwLg"
            >
              <span
                class="sc-gswNZR iZwDAZ"
              />
            </th>
            <th
              class="sc-hHTYSt fJuwLg"
            >
              <span
                class="sc-gswNZR iZwDAZ"
              >
                Admin only
              </span>
            </th>
            <th
              class="sc-hHTYSt fJuwLg"
            >
              <span
                class="sc-gswNZR iZwDAZ api-docsstyles__Description-sc-4t6xyo-1 dkIedw"
              >
                Returns a file containing a full data backup for the site
              </span>
            </th>
          </tr>
          <tr
            class="sc-dIfARi"
          >
            <th
              class="sc-hHTYSt fJuwLg"
            >
              <a
                aria-label="/data-management/delete-entity (opens in a new tab)"
                class="sc-hLBbgP lcnCbW"
                href="https://www.georgegillams.co.uk/api/data-management/delete-entity"
                rel="noopener noreferrer"
                target="_blank"
              >
                <span
                  class="sc-jrcTuL ddyEiV"
                >
                  /data-management/delete-entity
                </span>
                <div
                  class="sc-eDvSVe kRlCjo"
                >
                  <svg
                    class="sc-dkrFOg bLfPgZ sc-jSUZER kDBwKa"
                    height="18"
                    viewBox="0 0 24 24"
                    width="18"
                    xmlns="http://www.w3.org/2000/svg"
                  >
                    <path
                      d="M12.5 11.3c.4.4 1 .4 1.4 0L19 6.2V9c0 .6.4 1 1 1s1-.4 1-1V4c0-.6-.4-1-1-1h-5c-.6 0-1 .4-1 1s.4 1 1 1h2.4l-4.9 4.9c-.4.4-.4 1 0 1.4zM19 19c0 1.1-.9 2-2 2H5c-1.1 0-2-.9-2-2V7c0-1.1.9-2 2-2h7v2H5v12h12v-7h2"
                    />
                  </svg>
                </div>
              </a>
            </th>
            <th
              class="sc-hHTYSt fJuwLg"
            >
              <span
                class="sc-gswNZR iZwDAZ api-docsstyles__Method-sc-4t6xyo-2 jGEmiL"
              >
                POST
              </span>
            </th>
            <th
              class="sc-hHTYSt fJuwLg"
            >
              <span
                class="sc-gswNZR iZwDAZ"
              />
            </th>
            <th
              class="sc-hHTYSt fJuwLg"
            >
              <span
                class="sc-gswNZR iZwDAZ"
              >
                Admin only
              </span>
            </th>
            <th
              class="sc-hHTYSt fJuwLg"
            >
              <span
                class="sc-gswNZR iZwDAZ api-docsstyles__Description-sc-4t6xyo-1 dkIedw"
              >
                Remove a previously deleted entity completely from the DB
              </span>
            </th>
          </tr>
          <tr
            class="sc-dIfARi"
          >
            <th
              class="sc-hHTYSt fJuwLg"
            >
              <a
                aria-label="/data-management/delete-set (opens in a new tab)"
                class="sc-hLBbgP lcnCbW"
                href="https://www.georgegillams.co.uk/api/data-management/delete-set"
                rel="noopener noreferrer"
                target="_blank"
              >
                <span
                  class="sc-jrcTuL ddyEiV"
                >
                  /data-management/delete-set
                </span>
                <div
                  class="sc-eDvSVe kRlCjo"
                >
                  <svg
                    class="sc-dkrFOg bLfPgZ sc-jSUZER kDBwKa"
                    height="18"
                    viewBox="0 0 24 24"
                    width="18"
                    xmlns="http://www.w3.org/2000/svg"
                  >
                    <path
                      d="M12.5 11.3c.4.4 1 .4 1.4 0L19 6.2V9c0 .6.4 1 1 1s1-.4 1-1V4c0-.6-.4-1-1-1h-5c-.6 0-1 .4-1 1s.4 1 1 1h2.4l-4.9 4.9c-.4.4-.4 1 0 1.4zM19 19c0 1.1-.9 2-2 2H5c-1.1 0-2-.9-2-2V7c0-1.1.9-2 2-2h7v2H5v12h12v-7h2"
                    />
                  </svg>
                </div>
              </a>
            </th>
            <th
              class="sc-hHTYSt fJuwLg"
            >
              <span
                class="sc-gswNZR iZwDAZ api-docsstyles__Method-sc-4t6xyo-2 jGEmiL"
              >
                POST
              </span>
            </th>
            <th
              class="sc-hHTYSt fJuwLg"
            >
              <span
                class="sc-gswNZR iZwDAZ"
              />
            </th>
            <th
              class="sc-hHTYSt fJuwLg"
            >
              <span
                class="sc-gswNZR iZwDAZ"
              >
                Admin only
              </span>
            </th>
            <th
              class="sc-hHTYSt fJuwLg"
            >
              <span
                class="sc-gswNZR iZwDAZ api-docsstyles__Description-sc-4t6xyo-1 dkIedw"
              >
                Remove an entire collection from the DB
              </span>
            </th>
          </tr>
          <tr
            class="sc-dIfARi"
          >
            <th
              class="sc-hHTYSt fJuwLg"
            >
              <a
                aria-label="/data-management/restore (opens in a new tab)"
                class="sc-hLBbgP lcnCbW"
                href="https://www.georgegillams.co.uk/api/data-management/restore"
                rel="noopener noreferrer"
                target="_blank"
              >
                <span
                  class="sc-jrcTuL ddyEiV"
                >
                  /data-management/restore
                </span>
                <div
                  class="sc-eDvSVe kRlCjo"
                >
                  <svg
                    class="sc-dkrFOg bLfPgZ sc-jSUZER kDBwKa"
                    height="18"
                    viewBox="0 0 24 24"
                    width="18"
                    xmlns="http://www.w3.org/2000/svg"
                  >
                    <path
                      d="M12.5 11.3c.4.4 1 .4 1.4 0L19 6.2V9c0 .6.4 1 1 1s1-.4 1-1V4c0-.6-.4-1-1-1h-5c-.6 0-1 .4-1 1s.4 1 1 1h2.4l-4.9 4.9c-.4.4-.4 1 0 1.4zM19 19c0 1.1-.9 2-2 2H5c-1.1 0-2-.9-2-2V7c0-1.1.9-2 2-2h7v2H5v12h12v-7h2"
                    />
                  </svg>
                </div>
              </a>
            </th>
            <th
              class="sc-hHTYSt fJuwLg"
            >
              <span
                class="sc-gswNZR iZwDAZ api-docsstyles__Method-sc-4t6xyo-2 jGEmiL"
              >
                POST
              </span>
            </th>
            <th
              class="sc-hHTYSt fJuwLg"
            >
              <span
                class="sc-gswNZR iZwDAZ"
              />
            </th>
            <th
              class="sc-hHTYSt fJuwLg"
            >
              <span
                class="sc-gswNZR iZwDAZ"
              >
                Admin only
              </span>
            </th>
            <th
              class="sc-hHTYSt fJuwLg"
            >
              <span
                class="sc-gswNZR iZwDAZ api-docsstyles__Description-sc-4t6xyo-1 dkIedw"
              >
                Restore all the data from a backup file
              </span>
            </th>
          </tr>
          <tr
            class="sc-dIfARi"
          >
            <th
              class="sc-hHTYSt fJuwLg"
            >
              <a
                aria-label="/notifications/create (opens in a new tab)"
                class="sc-hLBbgP lcnCbW"
                href="https://www.georgegillams.co.uk/api/notifications/create"
                rel="noopener noreferrer"
                target="_blank"
              >
                <span
                  class="sc-jrcTuL ddyEiV"
                >
                  /notifications/create
                </span>
                <div
                  class="sc-eDvSVe kRlCjo"
                >
                  <svg
                    class="sc-dkrFOg bLfPgZ sc-jSUZER kDBwKa"
                    height="18"
                    viewBox="0 0 24 24"
                    width="18"
                    xmlns="http://www.w3.org/2000/svg"
                  >
                    <path
                      d="M12.5 11.3c.4.4 1 .4 1.4 0L19 6.2V9c0 .6.4 1 1 1s1-.4 1-1V4c0-.6-.4-1-1-1h-5c-.6 0-1 .4-1 1s.4 1 1 1h2.4l-4.9 4.9c-.4.4-.4 1 0 1.4zM19 19c0 1.1-.9 2-2 2H5c-1.1 0-2-.9-2-2V7c0-1.1.9-2 2-2h7v2H5v12h12v-7h2"
                    />
                  </svg>
                </div>
              </a>
            </th>
            <th
              class="sc-hHTYSt fJuwLg"
            >
              <span
                class="sc-gswNZR iZwDAZ api-docsstyles__Method-sc-4t6xyo-2 jGEmiL"
              >
                POST
              </span>
            </th>
            <th
              class="sc-hHTYSt fJuwLg"
            >
              <span
                class="sc-gswNZR iZwDAZ"
              />
            </th>
            <th
              class="sc-hHTYSt fJuwLg"
            >
              <span
                class="sc-gswNZR iZwDAZ"
              >
                Admin only
              </span>
            </th>
            <th
              class="sc-hHTYSt fJuwLg"
            >
              <span
                class="sc-gswNZR iZwDAZ api-docsstyles__Description-sc-4t6xyo-1 dkIedw"
              >
                Creates a notification which will be show at the top of the site
              </span>
            </th>
          </tr>
          <tr
            class="sc-dIfARi"
          >
            <th
              class="sc-hHTYSt fJuwLg"
            >
              <a
                aria-label="/notifications/delete (opens in a new tab)"
                class="sc-hLBbgP lcnCbW"
                href="https://www.georgegillams.co.uk/api/notifications/delete"
                rel="noopener noreferrer"
                target="_blank"
              >
                <span
                  class="sc-jrcTuL ddyEiV"
                >
                  /notifications/delete
                </span>
                <div
                  class="sc-eDvSVe kRlCjo"
                >
                  <svg
                    class="sc-dkrFOg bLfPgZ sc-jSUZER kDBwKa"
                    height="18"
                    viewBox="0 0 24 24"
                    width="18"
                    xmlns="http://www.w3.org/2000/svg"
                  >
                    <path
                      d="M12.5 11.3c.4.4 1 .4 1.4 0L19 6.2V9c0 .6.4 1 1 1s1-.4 1-1V4c0-.6-.4-1-1-1h-5c-.6 0-1 .4-1 1s.4 1 1 1h2.4l-4.9 4.9c-.4.4-.4 1 0 1.4zM19 19c0 1.1-.9 2-2 2H5c-1.1 0-2-.9-2-2V7c0-1.1.9-2 2-2h7v2H5v12h12v-7h2"
                    />
                  </svg>
                </div>
              </a>
            </th>
            <th
              class="sc-hHTYSt fJuwLg"
            >
              <span
                class="sc-gswNZR iZwDAZ api-docsstyles__Method-sc-4t6xyo-2 jGEmiL"
              >
                POST
              </span>
            </th>
            <th
              class="sc-hHTYSt fJuwLg"
            >
              <span
                class="sc-gswNZR iZwDAZ"
              />
            </th>
            <th
              class="sc-hHTYSt fJuwLg"
            >
              <span
                class="sc-gswNZR iZwDAZ"
              >
                Admin only
              </span>
            </th>
            <th
              class="sc-hHTYSt fJuwLg"
            >
              <span
                class="sc-gswNZR iZwDAZ api-docsstyles__Description-sc-4t6xyo-1 dkIedw"
              >
                Deletes a notification
              </span>
            </th>
          </tr>
          <tr
            class="sc-dIfARi"
          >
            <th
              class="sc-hHTYSt fJuwLg"
            >
              <a
                aria-label="/notifications/load-all (opens in a new tab)"
                class="sc-hLBbgP lcnCbW"
                href="https://www.georgegillams.co.uk/api/notifications/load-all"
                rel="noopener noreferrer"
                target="_blank"
              >
                <span
                  class="sc-jrcTuL ddyEiV"
                >
                  /notifications/load-all
                </span>
                <div
                  class="sc-eDvSVe kRlCjo"
                >
                  <svg
                    class="sc-dkrFOg bLfPgZ sc-jSUZER kDBwKa"
                    height="18"
                    viewBox="0 0 24 24"
                    width="18"
                    xmlns="http://www.w3.org/2000/svg"
                  >
                    <path
                      d="M12.5 11.3c.4.4 1 .4 1.4 0L19 6.2V9c0 .6.4 1 1 1s1-.4 1-1V4c0-.6-.4-1-1-1h-5c-.6 0-1 .4-1 1s.4 1 1 1h2.4l-4.9 4.9c-.4.4-.4 1 0 1.4zM19 19c0 1.1-.9 2-2 2H5c-1.1 0-2-.9-2-2V7c0-1.1.9-2 2-2h7v2H5v12h12v-7h2"
                    />
                  </svg>
                </div>
              </a>
            </th>
            <th
              class="sc-hHTYSt fJuwLg"
            >
              <span
                class="sc-gswNZR iZwDAZ api-docsstyles__Method-sc-4t6xyo-2 jGEmiL"
              >
                GET
              </span>
            </th>
            <th
              class="sc-hHTYSt fJuwLg"
            >
              <span
                class="sc-gswNZR iZwDAZ"
              />
            </th>
            <th
              class="sc-hHTYSt fJuwLg"
            >
              <span
                class="sc-gswNZR iZwDAZ"
              >
                Any user - only an admin can see deleted notifications
              </span>
            </th>
            <th
              class="sc-hHTYSt fJuwLg"
            >
              <span
                class="sc-gswNZR iZwDAZ api-docsstyles__Description-sc-4t6xyo-1 dkIedw"
              >
                Load all notifications
              </span>
            </th>
          </tr>
          <tr
            class="sc-dIfARi"
          >
            <th
              class="sc-hHTYSt fJuwLg"
            >
              <a
                aria-label="/notifications/load/:id (opens in a new tab)"
                class="sc-hLBbgP lcnCbW"
                href="https://www.georgegillams.co.uk/api/notifications/load/:id"
                rel="noopener noreferrer"
                target="_blank"
              >
                <span
                  class="sc-jrcTuL ddyEiV"
                >
                  /notifications/load/:id
                </span>
                <div
                  class="sc-eDvSVe kRlCjo"
                >
                  <svg
                    class="sc-dkrFOg bLfPgZ sc-jSUZER kDBwKa"
                    height="18"
                    viewBox="0 0 24 24"
                    width="18"
                    xmlns="http://www.w3.org/2000/svg"
                  >
                    <path
                      d="M12.5 11.3c.4.4 1 .4 1.4 0L19 6.2V9c0 .6.4 1 1 1s1-.4 1-1V4c0-.6-.4-1-1-1h-5c-.6 0-1 .4-1 1s.4 1 1 1h2.4l-4.9 4.9c-.4.4-.4 1 0 1.4zM19 19c0 1.1-.9 2-2 2H5c-1.1 0-2-.9-2-2V7c0-1.1.9-2 2-2h7v2H5v12h12v-7h2"
                    />
                  </svg>
                </div>
              </a>
            </th>
            <th
              class="sc-hHTYSt fJuwLg"
            >
              <span
                class="sc-gswNZR iZwDAZ api-docsstyles__Method-sc-4t6xyo-2 jGEmiL"
              >
                GET
              </span>
            </th>
            <th
              class="sc-hHTYSt fJuwLg"
            >
              <span
                class="sc-gswNZR iZwDAZ"
              />
            </th>
            <th
              class="sc-hHTYSt fJuwLg"
            >
              <span
                class="sc-gswNZR iZwDAZ"
              />
            </th>
            <th
              class="sc-hHTYSt fJuwLg"
            >
              <span
                class="sc-gswNZR iZwDAZ api-docsstyles__Description-sc-4t6xyo-1 dkIedw"
              />
            </th>
          </tr>
          <tr
            class="sc-dIfARi"
          >
            <th
              class="sc-hHTYSt fJuwLg"
            >
              <a
                aria-label="/notifications/update (opens in a new tab)"
                class="sc-hLBbgP lcnCbW"
                href="https://www.georgegillams.co.uk/api/notifications/update"
                rel="noopener noreferrer"
                target="_blank"
              >
                <span
                  class="sc-jrcTuL ddyEiV"
                >
                  /notifications/update
                </span>
                <div
                  class="sc-eDvSVe kRlCjo"
                >
                  <svg
                    class="sc-dkrFOg bLfPgZ sc-jSUZER kDBwKa"
                    height="18"
                    viewBox="0 0 24 24"
                    width="18"
                    xmlns="http://www.w3.org/2000/svg"
                  >
                    <path
                      d="M12.5 11.3c.4.4 1 .4 1.4 0L19 6.2V9c0 .6.4 1 1 1s1-.4 1-1V4c0-.6-.4-1-1-1h-5c-.6 0-1 .4-1 1s.4 1 1 1h2.4l-4.9 4.9c-.4.4-.4 1 0 1.4zM19 19c0 1.1-.9 2-2 2H5c-1.1 0-2-.9-2-2V7c0-1.1.9-2 2-2h7v2H5v12h12v-7h2"
                    />
                  </svg>
                </div>
              </a>
            </th>
            <th
              class="sc-hHTYSt fJuwLg"
            >
              <span
                class="sc-gswNZR iZwDAZ api-docsstyles__Method-sc-4t6xyo-2 jGEmiL"
              >
                POST
              </span>
            </th>
            <th
              class="sc-hHTYSt fJuwLg"
            >
              <span
                class="sc-gswNZR iZwDAZ"
              />
            </th>
            <th
              class="sc-hHTYSt fJuwLg"
            >
              <span
                class="sc-gswNZR iZwDAZ"
              >
                Admin only
              </span>
            </th>
            <th
              class="sc-hHTYSt fJuwLg"
            >
              <span
                class="sc-gswNZR iZwDAZ api-docsstyles__Description-sc-4t6xyo-1 dkIedw"
              >
                Update a given notification
              </span>
            </th>
          </tr>
          <tr
            class="sc-dIfARi"
          >
            <th
              class="sc-hHTYSt fJuwLg"
            >
              <a
                aria-label="/users/create (opens in a new tab)"
                class="sc-hLBbgP lcnCbW"
                href="https://www.georgegillams.co.uk/api/users/create"
                rel="noopener noreferrer"
                target="_blank"
              >
                <span
                  class="sc-jrcTuL ddyEiV"
                >
                  /users/create
                </span>
                <div
                  class="sc-eDvSVe kRlCjo"
                >
                  <svg
                    class="sc-dkrFOg bLfPgZ sc-jSUZER kDBwKa"
                    height="18"
                    viewBox="0 0 24 24"
                    width="18"
                    xmlns="http://www.w3.org/2000/svg"
                  >
                    <path
                      d="M12.5 11.3c.4.4 1 .4 1.4 0L19 6.2V9c0 .6.4 1 1 1s1-.4 1-1V4c0-.6-.4-1-1-1h-5c-.6 0-1 .4-1 1s.4 1 1 1h2.4l-4.9 4.9c-.4.4-.4 1 0 1.4zM19 19c0 1.1-.9 2-2 2H5c-1.1 0-2-.9-2-2V7c0-1.1.9-2 2-2h7v2H5v12h12v-7h2"
                    />
                  </svg>
                </div>
              </a>
            </th>
            <th
              class="sc-hHTYSt fJuwLg"
            >
              <span
                class="sc-gswNZR iZwDAZ api-docsstyles__Method-sc-4t6xyo-2 jGEmiL"
              >
                POST
              </span>
            </th>
            <th
              class="sc-hHTYSt fJuwLg"
            >
              <span
                class="sc-gswNZR iZwDAZ"
              />
            </th>
            <th
              class="sc-hHTYSt fJuwLg"
            >
              <span
                class="sc-gswNZR iZwDAZ"
              >
                None - only an admin can create other admin users
              </span>
            </th>
            <th
              class="sc-hHTYSt fJuwLg"
            >
              <span
                class="sc-gswNZR iZwDAZ api-docsstyles__Description-sc-4t6xyo-1 dkIedw"
              >
                Create a user
              </span>
            </th>
          </tr>
          <tr
            class="sc-dIfARi"
          >
            <th
              class="sc-hHTYSt fJuwLg"
            >
              <a
                aria-label="/users/delete (opens in a new tab)"
                class="sc-hLBbgP lcnCbW"
                href="https://www.georgegillams.co.uk/api/users/delete"
                rel="noopener noreferrer"
                target="_blank"
              >
                <span
                  class="sc-jrcTuL ddyEiV"
                >
                  /users/delete
                </span>
                <div
                  class="sc-eDvSVe kRlCjo"
                >
                  <svg
                    class="sc-dkrFOg bLfPgZ sc-jSUZER kDBwKa"
                    height="18"
                    viewBox="0 0 24 24"
                    width="18"
                    xmlns="http://www.w3.org/2000/svg"
                  >
                    <path
                      d="M12.5 11.3c.4.4 1 .4 1.4 0L19 6.2V9c0 .6.4 1 1 1s1-.4 1-1V4c0-.6-.4-1-1-1h-5c-.6 0-1 .4-1 1s.4 1 1 1h2.4l-4.9 4.9c-.4.4-.4 1 0 1.4zM19 19c0 1.1-.9 2-2 2H5c-1.1 0-2-.9-2-2V7c0-1.1.9-2 2-2h7v2H5v12h12v-7h2"
                    />
                  </svg>
                </div>
              </a>
            </th>
            <th
              class="sc-hHTYSt fJuwLg"
            >
              <span
                class="sc-gswNZR iZwDAZ api-docsstyles__Method-sc-4t6xyo-2 jGEmiL"
              >
                POST
              </span>
            </th>
            <th
              class="sc-hHTYSt fJuwLg"
            >
              <span
                class="sc-gswNZR iZwDAZ"
              />
            </th>
            <th
              class="sc-hHTYSt fJuwLg"
            >
              <span
                class="sc-gswNZR iZwDAZ"
              >
                The user being deleted, or an admin only
              </span>
            </th>
            <th
              class="sc-hHTYSt fJuwLg"
            >
              <span
                class="sc-gswNZR iZwDAZ api-docsstyles__Description-sc-4t6xyo-1 dkIedw"
              >
                Delete a user
              </span>
            </th>
          </tr>
          <tr
            class="sc-dIfARi"
          >
            <th
              class="sc-hHTYSt fJuwLg"
            >
              <a
                aria-label="/users/load (opens in a new tab)"
                class="sc-hLBbgP lcnCbW"
                href="https://www.georgegillams.co.uk/api/users/load"
                rel="noopener noreferrer"
                target="_blank"
              >
                <span
                  class="sc-jrcTuL ddyEiV"
                >
                  /users/load
                </span>
                <div
                  class="sc-eDvSVe kRlCjo"
                >
                  <svg
                    class="sc-dkrFOg bLfPgZ sc-jSUZER kDBwKa"
                    height="18"
                    viewBox="0 0 24 24"
                    width="18"
                    xmlns="http://www.w3.org/2000/svg"
                  >
                    <path
                      d="M12.5 11.3c.4.4 1 .4 1.4 0L19 6.2V9c0 .6.4 1 1 1s1-.4 1-1V4c0-.6-.4-1-1-1h-5c-.6 0-1 .4-1 1s.4 1 1 1h2.4l-4.9 4.9c-.4.4-.4 1 0 1.4zM19 19c0 1.1-.9 2-2 2H5c-1.1 0-2-.9-2-2V7c0-1.1.9-2 2-2h7v2H5v12h12v-7h2"
                    />
                  </svg>
                </div>
              </a>
            </th>
            <th
              class="sc-hHTYSt fJuwLg"
            >
              <span
                class="sc-gswNZR iZwDAZ api-docsstyles__Method-sc-4t6xyo-2 jGEmiL"
              >
                GET
              </span>
            </th>
            <th
              class="sc-hHTYSt fJuwLg"
            >
              <span
                class="sc-gswNZR iZwDAZ"
              />
            </th>
            <th
              class="sc-hHTYSt fJuwLg"
            >
              <span
                class="sc-gswNZR iZwDAZ"
              >
                The user being loaded, or an admin only
              </span>
            </th>
            <th
              class="sc-hHTYSt fJuwLg"
            >
              <span
                class="sc-gswNZR iZwDAZ api-docsstyles__Description-sc-4t6xyo-1 dkIedw"
              >
                Load a given user
              </span>
            </th>
          </tr>
          <tr
            class="sc-dIfARi"
          >
            <th
              class="sc-hHTYSt fJuwLg"
            >
              <a
                aria-label="/users/load-all (opens in a new tab)"
                class="sc-hLBbgP lcnCbW"
                href="https://www.georgegillams.co.uk/api/users/load-all"
                rel="noopener noreferrer"
                target="_blank"
              >
                <span
                  class="sc-jrcTuL ddyEiV"
                >
                  /users/load-all
                </span>
                <div
                  class="sc-eDvSVe kRlCjo"
                >
                  <svg
                    class="sc-dkrFOg bLfPgZ sc-jSUZER kDBwKa"
                    height="18"
                    viewBox="0 0 24 24"
                    width="18"
                    xmlns="http://www.w3.org/2000/svg"
                  >
                    <path
                      d="M12.5 11.3c.4.4 1 .4 1.4 0L19 6.2V9c0 .6.4 1 1 1s1-.4 1-1V4c0-.6-.4-1-1-1h-5c-.6 0-1 .4-1 1s.4 1 1 1h2.4l-4.9 4.9c-.4.4-.4 1 0 1.4zM19 19c0 1.1-.9 2-2 2H5c-1.1 0-2-.9-2-2V7c0-1.1.9-2 2-2h7v2H5v12h12v-7h2"
                    />
                  </svg>
                </div>
              </a>
            </th>
            <th
              class="sc-hHTYSt fJuwLg"
            >
              <span
                class="sc-gswNZR iZwDAZ api-docsstyles__Method-sc-4t6xyo-2 jGEmiL"
              >
                GET
              </span>
            </th>
            <th
              class="sc-hHTYSt fJuwLg"
            >
              <span
                class="sc-gswNZR iZwDAZ"
              />
            </th>
            <th
              class="sc-hHTYSt fJuwLg"
            >
              <span
                class="sc-gswNZR iZwDAZ"
              >
                Admin only
              </span>
            </th>
            <th
              class="sc-hHTYSt fJuwLg"
            >
              <span
                class="sc-gswNZR iZwDAZ api-docsstyles__Description-sc-4t6xyo-1 dkIedw"
              >
                Load all users
              </span>
            </th>
          </tr>
          <tr
            class="sc-dIfARi"
          >
            <th
              class="sc-hHTYSt fJuwLg"
            >
              <a
                aria-label="/users/sign-up (opens in a new tab)"
                class="sc-hLBbgP lcnCbW"
                href="https://www.georgegillams.co.uk/api/users/sign-up"
                rel="noopener noreferrer"
                target="_blank"
              >
                <span
                  class="sc-jrcTuL ddyEiV"
                >
                  /users/sign-up
                </span>
                <div
                  class="sc-eDvSVe kRlCjo"
                >
                  <svg
                    class="sc-dkrFOg bLfPgZ sc-jSUZER kDBwKa"
                    height="18"
                    viewBox="0 0 24 24"
                    width="18"
                    xmlns="http://www.w3.org/2000/svg"
                  >
                    <path
                      d="M12.5 11.3c.4.4 1 .4 1.4 0L19 6.2V9c0 .6.4 1 1 1s1-.4 1-1V4c0-.6-.4-1-1-1h-5c-.6 0-1 .4-1 1s.4 1 1 1h2.4l-4.9 4.9c-.4.4-.4 1 0 1.4zM19 19c0 1.1-.9 2-2 2H5c-1.1 0-2-.9-2-2V7c0-1.1.9-2 2-2h7v2H5v12h12v-7h2"
                    />
                  </svg>
                </div>
              </a>
            </th>
            <th
              class="sc-hHTYSt fJuwLg"
            >
              <span
                class="sc-gswNZR iZwDAZ api-docsstyles__Method-sc-4t6xyo-2 jGEmiL"
              >
                POST
              </span>
            </th>
            <th
              class="sc-hHTYSt fJuwLg"
            >
              <span
                class="sc-gswNZR iZwDAZ"
              />
            </th>
            <th
              class="sc-hHTYSt fJuwLg"
            >
              <span
                class="sc-gswNZR iZwDAZ"
              >
                None
              </span>
            </th>
            <th
              class="sc-hHTYSt fJuwLg"
            >
              <span
                class="sc-gswNZR iZwDAZ api-docsstyles__Description-sc-4t6xyo-1 dkIedw"
              >
                Create a user, and sign in as that user at the same time
              </span>
            </th>
          </tr>
          <tr
            class="sc-dIfARi"
          >
            <th
              class="sc-hHTYSt fJuwLg"
            >
              <a
                aria-label="/users/update (opens in a new tab)"
                class="sc-hLBbgP lcnCbW"
                href="https://www.georgegillams.co.uk/api/users/update"
                rel="noopener noreferrer"
                target="_blank"
              >
                <span
                  class="sc-jrcTuL ddyEiV"
                >
                  /users/update
                </span>
                <div
                  class="sc-eDvSVe kRlCjo"
                >
                  <svg
                    class="sc-dkrFOg bLfPgZ sc-jSUZER kDBwKa"
                    height="18"
                    viewBox="0 0 24 24"
                    width="18"
                    xmlns="http://www.w3.org/2000/svg"
                  >
                    <path
                      d="M12.5 11.3c.4.4 1 .4 1.4 0L19 6.2V9c0 .6.4 1 1 1s1-.4 1-1V4c0-.6-.4-1-1-1h-5c-.6 0-1 .4-1 1s.4 1 1 1h2.4l-4.9 4.9c-.4.4-.4 1 0 1.4zM19 19c0 1.1-.9 2-2 2H5c-1.1 0-2-.9-2-2V7c0-1.1.9-2 2-2h7v2H5v12h12v-7h2"
                    />
                  </svg>
                </div>
              </a>
            </th>
            <th
              class="sc-hHTYSt fJuwLg"
            >
              <span
                class="sc-gswNZR iZwDAZ api-docsstyles__Method-sc-4t6xyo-2 jGEmiL"
              >
                POST
              </span>
            </th>
            <th
              class="sc-hHTYSt fJuwLg"
            >
              <span
                class="sc-gswNZR iZwDAZ"
              />
            </th>
            <th
              class="sc-hHTYSt fJuwLg"
            >
              <span
                class="sc-gswNZR iZwDAZ"
              >
                Any user - only an admin can promote other users to admin
              </span>
            </th>
            <th
              class="sc-hHTYSt fJuwLg"
            >
              <span
                class="sc-gswNZR iZwDAZ api-docsstyles__Description-sc-4t6xyo-1 dkIedw"
              >
                Update a given user
              </span>
            </th>
          </tr>
          <tr
            class="sc-dIfARi"
          >
            <th
              class="sc-hHTYSt fJuwLg"
            >
              <a
                aria-label="/blogs/create (opens in a new tab)"
                class="sc-hLBbgP lcnCbW"
                href="https://www.georgegillams.co.uk/api/blogs/create"
                rel="noopener noreferrer"
                target="_blank"
              >
                <span
                  class="sc-jrcTuL ddyEiV"
                >
                  /blogs/create
                </span>
                <div
                  class="sc-eDvSVe kRlCjo"
                >
                  <svg
                    class="sc-dkrFOg bLfPgZ sc-jSUZER kDBwKa"
                    height="18"
                    viewBox="0 0 24 24"
                    width="18"
                    xmlns="http://www.w3.org/2000/svg"
                  >
                    <path
                      d="M12.5 11.3c.4.4 1 .4 1.4 0L19 6.2V9c0 .6.4 1 1 1s1-.4 1-1V4c0-.6-.4-1-1-1h-5c-.6 0-1 .4-1 1s.4 1 1 1h2.4l-4.9 4.9c-.4.4-.4 1 0 1.4zM19 19c0 1.1-.9 2-2 2H5c-1.1 0-2-.9-2-2V7c0-1.1.9-2 2-2h7v2H5v12h12v-7h2"
                    />
                  </svg>
                </div>
              </a>
            </th>
            <th
              class="sc-hHTYSt fJuwLg"
            >
              <span
                class="sc-gswNZR iZwDAZ api-docsstyles__Method-sc-4t6xyo-2 jGEmiL"
              >
                POST
              </span>
            </th>
            <th
              class="sc-hHTYSt fJuwLg"
            >
              <span
                class="sc-gswNZR iZwDAZ"
              />
            </th>
            <th
              class="sc-hHTYSt fJuwLg"
            >
              <span
                class="sc-gswNZR iZwDAZ"
              >
                Admin only
              </span>
            </th>
            <th
              class="sc-hHTYSt fJuwLg"
            >
              <span
                class="sc-gswNZR iZwDAZ api-docsstyles__Description-sc-4t6xyo-1 dkIedw"
              >
                Create a new blog
              </span>
            </th>
          </tr>
          <tr
            class="sc-dIfARi"
          >
            <th
              class="sc-hHTYSt fJuwLg"
            >
              <a
                aria-label="/blogs/delete (opens in a new tab)"
                class="sc-hLBbgP lcnCbW"
                href="https://www.georgegillams.co.uk/api/blogs/delete"
                rel="noopener noreferrer"
                target="_blank"
              >
                <span
                  class="sc-jrcTuL ddyEiV"
                >
                  /blogs/delete
                </span>
                <div
                  class="sc-eDvSVe kRlCjo"
                >
                  <svg
                    class="sc-dkrFOg bLfPgZ sc-jSUZER kDBwKa"
                    height="18"
                    viewBox="0 0 24 24"
                    width="18"
                    xmlns="http://www.w3.org/2000/svg"
                  >
                    <path
                      d="M12.5 11.3c.4.4 1 .4 1.4 0L19 6.2V9c0 .6.4 1 1 1s1-.4 1-1V4c0-.6-.4-1-1-1h-5c-.6 0-1 .4-1 1s.4 1 1 1h2.4l-4.9 4.9c-.4.4-.4 1 0 1.4zM19 19c0 1.1-.9 2-2 2H5c-1.1 0-2-.9-2-2V7c0-1.1.9-2 2-2h7v2H5v12h12v-7h2"
                    />
                  </svg>
                </div>
              </a>
            </th>
            <th
              class="sc-hHTYSt fJuwLg"
            >
              <span
                class="sc-gswNZR iZwDAZ api-docsstyles__Method-sc-4t6xyo-2 jGEmiL"
              >
                POST
              </span>
            </th>
            <th
              class="sc-hHTYSt fJuwLg"
            >
              <span
                class="sc-gswNZR iZwDAZ"
              />
            </th>
            <th
              class="sc-hHTYSt fJuwLg"
            >
              <span
                class="sc-gswNZR iZwDAZ"
              >
                Admin only
              </span>
            </th>
            <th
              class="sc-hHTYSt fJuwLg"
            >
              <span
                class="sc-gswNZR iZwDAZ api-docsstyles__Description-sc-4t6xyo-1 dkIedw"
              >
                Remove a blog
              </span>
            </th>
          </tr>
          <tr
            class="sc-dIfARi"
          >
            <th
              class="sc-hHTYSt fJuwLg"
            >
              <a
                aria-label="/blogs/load-all (opens in a new tab)"
                class="sc-hLBbgP lcnCbW"
                href="https://www.georgegillams.co.uk/api/blogs/load-all"
                rel="noopener noreferrer"
                target="_blank"
              >
                <span
                  class="sc-jrcTuL ddyEiV"
                >
                  /blogs/load-all
                </span>
                <div
                  class="sc-eDvSVe kRlCjo"
                >
                  <svg
                    class="sc-dkrFOg bLfPgZ sc-jSUZER kDBwKa"
                    height="18"
                    viewBox="0 0 24 24"
                    width="18"
                    xmlns="http://www.w3.org/2000/svg"
                  >
                    <path
                      d="M12.5 11.3c.4.4 1 .4 1.4 0L19 6.2V9c0 .6.4 1 1 1s1-.4 1-1V4c0-.6-.4-1-1-1h-5c-.6 0-1 .4-1 1s.4 1 1 1h2.4l-4.9 4.9c-.4.4-.4 1 0 1.4zM19 19c0 1.1-.9 2-2 2H5c-1.1 0-2-.9-2-2V7c0-1.1.9-2 2-2h7v2H5v12h12v-7h2"
                    />
                  </svg>
                </div>
              </a>
            </th>
            <th
              class="sc-hHTYSt fJuwLg"
            >
              <span
                class="sc-gswNZR iZwDAZ api-docsstyles__Method-sc-4t6xyo-2 jGEmiL"
              >
                GET
              </span>
            </th>
            <th
              class="sc-hHTYSt fJuwLg"
            >
              <span
                class="sc-gswNZR iZwDAZ"
              />
            </th>
            <th
              class="sc-hHTYSt fJuwLg"
            >
              <span
                class="sc-gswNZR iZwDAZ"
              >
                None
              </span>
            </th>
            <th
              class="sc-hHTYSt fJuwLg"
            >
              <span
                class="sc-gswNZR iZwDAZ api-docsstyles__Description-sc-4t6xyo-1 dkIedw"
              >
                Load all blogs. If not admin, only non-deleted, published blogs will be loaded
              </span>
            </th>
          </tr>
          <tr
            class="sc-dIfARi"
          >
            <th
              class="sc-hHTYSt fJuwLg"
            >
              <a
                aria-label="/blogs/load/:id (opens in a new tab)"
                class="sc-hLBbgP lcnCbW"
                href="https://www.georgegillams.co.uk/api/blogs/load/:id"
                rel="noopener noreferrer"
                target="_blank"
              >
                <span
                  class="sc-jrcTuL ddyEiV"
                >
                  /blogs/load/:id
                </span>
                <div
                  class="sc-eDvSVe kRlCjo"
                >
                  <svg
                    class="sc-dkrFOg bLfPgZ sc-jSUZER kDBwKa"
                    height="18"
                    viewBox="0 0 24 24"
                    width="18"
                    xmlns="http://www.w3.org/2000/svg"
                  >
                    <path
                      d="M12.5 11.3c.4.4 1 .4 1.4 0L19 6.2V9c0 .6.4 1 1 1s1-.4 1-1V4c0-.6-.4-1-1-1h-5c-.6 0-1 .4-1 1s.4 1 1 1h2.4l-4.9 4.9c-.4.4-.4 1 0 1.4zM19 19c0 1.1-.9 2-2 2H5c-1.1 0-2-.9-2-2V7c0-1.1.9-2 2-2h7v2H5v12h12v-7h2"
                    />
                  </svg>
                </div>
              </a>
            </th>
            <th
              class="sc-hHTYSt fJuwLg"
            >
              <span
                class="sc-gswNZR iZwDAZ api-docsstyles__Method-sc-4t6xyo-2 jGEmiL"
              >
                GET
              </span>
            </th>
            <th
              class="sc-hHTYSt fJuwLg"
            >
              <span
                class="sc-gswNZR iZwDAZ"
              >
                id: the blog ID to load
              </span>
            </th>
            <th
              class="sc-hHTYSt fJuwLg"
            >
              <span
                class="sc-gswNZR iZwDAZ"
              >
                None
              </span>
            </th>
            <th
              class="sc-hHTYSt fJuwLg"
            >
              <span
                class="sc-gswNZR iZwDAZ api-docsstyles__Description-sc-4t6xyo-1 dkIedw"
              >
                Load a single blog. If not admin, will fail if deleted or not published
              </span>
            </th>
          </tr>
          <tr
            class="sc-dIfARi"
          >
            <th
              class="sc-hHTYSt fJuwLg"
            >
              <a
                aria-label="/blogs/update (opens in a new tab)"
                class="sc-hLBbgP lcnCbW"
                href="https://www.georgegillams.co.uk/api/blogs/update"
                rel="noopener noreferrer"
                target="_blank"
              >
                <span
                  class="sc-jrcTuL ddyEiV"
                >
                  /blogs/update
                </span>
                <div
                  class="sc-eDvSVe kRlCjo"
                >
                  <svg
                    class="sc-dkrFOg bLfPgZ sc-jSUZER kDBwKa"
                    height="18"
                    viewBox="0 0 24 24"
                    width="18"
                    xmlns="http://www.w3.org/2000/svg"
                  >
                    <path
                      d="M12.5 11.3c.4.4 1 .4 1.4 0L19 6.2V9c0 .6.4 1 1 1s1-.4 1-1V4c0-.6-.4-1-1-1h-5c-.6 0-1 .4-1 1s.4 1 1 1h2.4l-4.9 4.9c-.4.4-.4 1 0 1.4zM19 19c0 1.1-.9 2-2 2H5c-1.1 0-2-.9-2-2V7c0-1.1.9-2 2-2h7v2H5v12h12v-7h2"
                    />
                  </svg>
                </div>
              </a>
            </th>
            <th
              class="sc-hHTYSt fJuwLg"
            >
              <span
                class="sc-gswNZR iZwDAZ api-docsstyles__Method-sc-4t6xyo-2 jGEmiL"
              >
                POST
              </span>
            </th>
            <th
              class="sc-hHTYSt fJuwLg"
            >
              <span
                class="sc-gswNZR iZwDAZ"
              />
            </th>
            <th
              class="sc-hHTYSt fJuwLg"
            >
              <span
                class="sc-gswNZR iZwDAZ"
              >
                Admin only
              </span>
            </th>
            <th
              class="sc-hHTYSt fJuwLg"
            >
              <span
                class="sc-gswNZR iZwDAZ api-docsstyles__Description-sc-4t6xyo-1 dkIedw"
              >
                Update a blog
              </span>
            </th>
          </tr>
          <tr
            class="sc-dIfARi"
          >
            <th
              class="sc-hHTYSt fJuwLg"
            >
              <a
                aria-label="/make-payment/load (opens in a new tab)"
                class="sc-hLBbgP lcnCbW"
                href="https://www.georgegillams.co.uk/api/make-payment/load"
                rel="noopener noreferrer"
                target="_blank"
              >
                <span
                  class="sc-jrcTuL ddyEiV"
                >
                  /make-payment/load
                </span>
                <div
                  class="sc-eDvSVe kRlCjo"
                >
                  <svg
                    class="sc-dkrFOg bLfPgZ sc-jSUZER kDBwKa"
                    height="18"
                    viewBox="0 0 24 24"
                    width="18"
                    xmlns="http://www.w3.org/2000/svg"
                  >
                    <path
                      d="M12.5 11.3c.4.4 1 .4 1.4 0L19 6.2V9c0 .6.4 1 1 1s1-.4 1-1V4c0-.6-.4-1-1-1h-5c-.6 0-1 .4-1 1s.4 1 1 1h2.4l-4.9 4.9c-.4.4-.4 1 0 1.4zM19 19c0 1.1-.9 2-2 2H5c-1.1 0-2-.9-2-2V7c0-1.1.9-2 2-2h7v2H5v12h12v-7h2"
                    />
                  </svg>
                </div>
              </a>
            </th>
            <th
              class="sc-hHTYSt fJuwLg"
            >
              <span
                class="sc-gswNZR iZwDAZ api-docsstyles__Method-sc-4t6xyo-2 jGEmiL"
              >
                POST
              </span>
            </th>
            <th
              class="sc-hHTYSt fJuwLg"
            >
              <span
                class="sc-gswNZR iZwDAZ"
              />
            </th>
            <th
              class="sc-hHTYSt fJuwLg"
            >
              <span
                class="sc-gswNZR iZwDAZ"
              >
                TODO
              </span>
            </th>
            <th
              class="sc-hHTYSt fJuwLg"
            >
              <span
                class="sc-gswNZR iZwDAZ api-docsstyles__Description-sc-4t6xyo-1 dkIedw"
              >
                TODO
              </span>
            </th>
          </tr>
          <tr
            class="sc-dIfARi"
          >
            <th
              class="sc-hHTYSt fJuwLg"
            >
              <a
                aria-label="/make-payment/create-intent (opens in a new tab)"
                class="sc-hLBbgP lcnCbW"
                href="https://www.georgegillams.co.uk/api/make-payment/create-intent"
                rel="noopener noreferrer"
                target="_blank"
              >
                <span
                  class="sc-jrcTuL ddyEiV"
                >
                  /make-payment/create-intent
                </span>
                <div
                  class="sc-eDvSVe kRlCjo"
                >
                  <svg
                    class="sc-dkrFOg bLfPgZ sc-jSUZER kDBwKa"
                    height="18"
                    viewBox="0 0 24 24"
                    width="18"
                    xmlns="http://www.w3.org/2000/svg"
                  >
                    <path
                      d="M12.5 11.3c.4.4 1 .4 1.4 0L19 6.2V9c0 .6.4 1 1 1s1-.4 1-1V4c0-.6-.4-1-1-1h-5c-.6 0-1 .4-1 1s.4 1 1 1h2.4l-4.9 4.9c-.4.4-.4 1 0 1.4zM19 19c0 1.1-.9 2-2 2H5c-1.1 0-2-.9-2-2V7c0-1.1.9-2 2-2h7v2H5v12h12v-7h2"
                    />
                  </svg>
                </div>
              </a>
            </th>
            <th
              class="sc-hHTYSt fJuwLg"
            >
              <span
                class="sc-gswNZR iZwDAZ api-docsstyles__Method-sc-4t6xyo-2 jGEmiL"
              >
                POST
              </span>
            </th>
            <th
              class="sc-hHTYSt fJuwLg"
            >
              <span
                class="sc-gswNZR iZwDAZ"
              />
            </th>
            <th
              class="sc-hHTYSt fJuwLg"
            >
              <span
                class="sc-gswNZR iZwDAZ"
              >
                TODO
              </span>
            </th>
            <th
              class="sc-hHTYSt fJuwLg"
            >
              <span
                class="sc-gswNZR iZwDAZ api-docsstyles__Description-sc-4t6xyo-1 dkIedw"
              >
                TODO
              </span>
            </th>
          </tr>
          <tr
            class="sc-dIfARi"
          >
            <th
              class="sc-hHTYSt fJuwLg"
            >
              <a
                aria-label="/make-payment/resend-receipt (opens in a new tab)"
                class="sc-hLBbgP lcnCbW"
                href="https://www.georgegillams.co.uk/api/make-payment/resend-receipt"
                rel="noopener noreferrer"
                target="_blank"
              >
                <span
                  class="sc-jrcTuL ddyEiV"
                >
                  /make-payment/resend-receipt
                </span>
                <div
                  class="sc-eDvSVe kRlCjo"
                >
                  <svg
                    class="sc-dkrFOg bLfPgZ sc-jSUZER kDBwKa"
                    height="18"
                    viewBox="0 0 24 24"
                    width="18"
                    xmlns="http://www.w3.org/2000/svg"
                  >
                    <path
                      d="M12.5 11.3c.4.4 1 .4 1.4 0L19 6.2V9c0 .6.4 1 1 1s1-.4 1-1V4c0-.6-.4-1-1-1h-5c-.6 0-1 .4-1 1s.4 1 1 1h2.4l-4.9 4.9c-.4.4-.4 1 0 1.4zM19 19c0 1.1-.9 2-2 2H5c-1.1 0-2-.9-2-2V7c0-1.1.9-2 2-2h7v2H5v12h12v-7h2"
                    />
                  </svg>
                </div>
              </a>
            </th>
            <th
              class="sc-hHTYSt fJuwLg"
            >
              <span
                class="sc-gswNZR iZwDAZ api-docsstyles__Method-sc-4t6xyo-2 jGEmiL"
              >
                POST
              </span>
            </th>
            <th
              class="sc-hHTYSt fJuwLg"
            >
              <span
                class="sc-gswNZR iZwDAZ"
              />
            </th>
            <th
              class="sc-hHTYSt fJuwLg"
            >
              <span
                class="sc-gswNZR iZwDAZ"
              >
                Admin only
              </span>
            </th>
            <th
              class="sc-hHTYSt fJuwLg"
            >
              <span
                class="sc-gswNZR iZwDAZ api-docsstyles__Description-sc-4t6xyo-1 dkIedw"
              >
                TODO
              </span>
            </th>
          </tr>
          <tr
            class="sc-dIfARi"
          >
            <th
              class="sc-hHTYSt fJuwLg"
            >
              <a
                aria-label="/payments/create (opens in a new tab)"
                class="sc-hLBbgP lcnCbW"
                href="https://www.georgegillams.co.uk/api/payments/create"
                rel="noopener noreferrer"
                target="_blank"
              >
                <span
                  class="sc-jrcTuL ddyEiV"
                >
                  /payments/create
                </span>
                <div
                  class="sc-eDvSVe kRlCjo"
                >
                  <svg
                    class="sc-dkrFOg bLfPgZ sc-jSUZER kDBwKa"
                    height="18"
                    viewBox="0 0 24 24"
                    width="18"
                    xmlns="http://www.w3.org/2000/svg"
                  >
                    <path
                      d="M12.5 11.3c.4.4 1 .4 1.4 0L19 6.2V9c0 .6.4 1 1 1s1-.4 1-1V4c0-.6-.4-1-1-1h-5c-.6 0-1 .4-1 1s.4 1 1 1h2.4l-4.9 4.9c-.4.4-.4 1 0 1.4zM19 19c0 1.1-.9 2-2 2H5c-1.1 0-2-.9-2-2V7c0-1.1.9-2 2-2h7v2H5v12h12v-7h2"
                    />
                  </svg>
                </div>
              </a>
            </th>
            <th
              class="sc-hHTYSt fJuwLg"
            >
              <span
                class="sc-gswNZR iZwDAZ api-docsstyles__Method-sc-4t6xyo-2 jGEmiL"
              >
                POST
              </span>
            </th>
            <th
              class="sc-hHTYSt fJuwLg"
            >
              <span
                class="sc-gswNZR iZwDAZ"
              />
            </th>
            <th
              class="sc-hHTYSt fJuwLg"
            >
              <span
                class="sc-gswNZR iZwDAZ"
              >
                TODO
              </span>
            </th>
            <th
              class="sc-hHTYSt fJuwLg"
            >
              <span
                class="sc-gswNZR iZwDAZ api-docsstyles__Description-sc-4t6xyo-1 dkIedw"
              >
                TODO
              </span>
            </th>
          </tr>
          <tr
            class="sc-dIfARi"
          >
            <th
              class="sc-hHTYSt fJuwLg"
            >
              <a
                aria-label="/payments/delete (opens in a new tab)"
                class="sc-hLBbgP lcnCbW"
                href="https://www.georgegillams.co.uk/api/payments/delete"
                rel="noopener noreferrer"
                target="_blank"
              >
                <span
                  class="sc-jrcTuL ddyEiV"
                >
                  /payments/delete
                </span>
                <div
                  class="sc-eDvSVe kRlCjo"
                >
                  <svg
                    class="sc-dkrFOg bLfPgZ sc-jSUZER kDBwKa"
                    height="18"
                    viewBox="0 0 24 24"
                    width="18"
                    xmlns="http://www.w3.org/2000/svg"
                  >
                    <path
                      d="M12.5 11.3c.4.4 1 .4 1.4 0L19 6.2V9c0 .6.4 1 1 1s1-.4 1-1V4c0-.6-.4-1-1-1h-5c-.6 0-1 .4-1 1s.4 1 1 1h2.4l-4.9 4.9c-.4.4-.4 1 0 1.4zM19 19c0 1.1-.9 2-2 2H5c-1.1 0-2-.9-2-2V7c0-1.1.9-2 2-2h7v2H5v12h12v-7h2"
                    />
                  </svg>
                </div>
              </a>
            </th>
            <th
              class="sc-hHTYSt fJuwLg"
            >
              <span
                class="sc-gswNZR iZwDAZ api-docsstyles__Method-sc-4t6xyo-2 jGEmiL"
              >
                POST
              </span>
            </th>
            <th
              class="sc-hHTYSt fJuwLg"
            >
              <span
                class="sc-gswNZR iZwDAZ"
              />
            </th>
            <th
              class="sc-hHTYSt fJuwLg"
            >
              <span
                class="sc-gswNZR iZwDAZ"
              >
                TODO
              </span>
            </th>
            <th
              class="sc-hHTYSt fJuwLg"
            >
              <span
                class="sc-gswNZR iZwDAZ api-docsstyles__Description-sc-4t6xyo-1 dkIedw"
              >
                TODO
              </span>
            </th>
          </tr>
          <tr
            class="sc-dIfARi"
          >
            <th
              class="sc-hHTYSt fJuwLg"
            >
              <a
                aria-label="/payments/load-all (opens in a new tab)"
                class="sc-hLBbgP lcnCbW"
                href="https://www.georgegillams.co.uk/api/payments/load-all"
                rel="noopener noreferrer"
                target="_blank"
              >
                <span
                  class="sc-jrcTuL ddyEiV"
                >
                  /payments/load-all
                </span>
                <div
                  class="sc-eDvSVe kRlCjo"
                >
                  <svg
                    class="sc-dkrFOg bLfPgZ sc-jSUZER kDBwKa"
                    height="18"
                    viewBox="0 0 24 24"
                    width="18"
                    xmlns="http://www.w3.org/2000/svg"
                  >
                    <path
                      d="M12.5 11.3c.4.4 1 .4 1.4 0L19 6.2V9c0 .6.4 1 1 1s1-.4 1-1V4c0-.6-.4-1-1-1h-5c-.6 0-1 .4-1 1s.4 1 1 1h2.4l-4.9 4.9c-.4.4-.4 1 0 1.4zM19 19c0 1.1-.9 2-2 2H5c-1.1 0-2-.9-2-2V7c0-1.1.9-2 2-2h7v2H5v12h12v-7h2"
                    />
                  </svg>
                </div>
              </a>
            </th>
            <th
              class="sc-hHTYSt fJuwLg"
            >
              <span
                class="sc-gswNZR iZwDAZ api-docsstyles__Method-sc-4t6xyo-2 jGEmiL"
              >
                GET
              </span>
            </th>
            <th
              class="sc-hHTYSt fJuwLg"
            >
              <span
                class="sc-gswNZR iZwDAZ"
              />
            </th>
            <th
              class="sc-hHTYSt fJuwLg"
            >
              <span
                class="sc-gswNZR iZwDAZ"
              >
                TODO
              </span>
            </th>
            <th
              class="sc-hHTYSt fJuwLg"
            >
              <span
                class="sc-gswNZR iZwDAZ api-docsstyles__Description-sc-4t6xyo-1 dkIedw"
              >
                TODO
              </span>
            </th>
          </tr>
          <tr
            class="sc-dIfARi"
          >
            <th
              class="sc-hHTYSt fJuwLg"
            >
              <a
                aria-label="/support/create (opens in a new tab)"
                class="sc-hLBbgP lcnCbW"
                href="https://www.georgegillams.co.uk/api/support/create"
                rel="noopener noreferrer"
                target="_blank"
              >
                <span
                  class="sc-jrcTuL ddyEiV"
                >
                  /support/create
                </span>
                <div
                  class="sc-eDvSVe kRlCjo"
                >
                  <svg
                    class="sc-dkrFOg bLfPgZ sc-jSUZER kDBwKa"
                    height="18"
                    viewBox="0 0 24 24"
                    width="18"
                    xmlns="http://www.w3.org/2000/svg"
                  >
                    <path
                      d="M12.5 11.3c.4.4 1 .4 1.4 0L19 6.2V9c0 .6.4 1 1 1s1-.4 1-1V4c0-.6-.4-1-1-1h-5c-.6 0-1 .4-1 1s.4 1 1 1h2.4l-4.9 4.9c-.4.4-.4 1 0 1.4zM19 19c0 1.1-.9 2-2 2H5c-1.1 0-2-.9-2-2V7c0-1.1.9-2 2-2h7v2H5v12h12v-7h2"
                    />
                  </svg>
                </div>
              </a>
            </th>
            <th
              class="sc-hHTYSt fJuwLg"
            >
              <span
                class="sc-gswNZR iZwDAZ api-docsstyles__Method-sc-4t6xyo-2 jGEmiL"
              >
                POST
              </span>
            </th>
            <th
              class="sc-hHTYSt fJuwLg"
            >
              <span
                class="sc-gswNZR iZwDAZ"
              />
            </th>
            <th
              class="sc-hHTYSt fJuwLg"
            >
              <span
                class="sc-gswNZR iZwDAZ"
              >
                Admin only
              </span>
            </th>
            <th
              class="sc-hHTYSt fJuwLg"
            >
              <span
                class="sc-gswNZR iZwDAZ api-docsstyles__Description-sc-4t6xyo-1 dkIedw"
              >
                TODO
              </span>
            </th>
          </tr>
          <tr
            class="sc-dIfARi"
          >
            <th
              class="sc-hHTYSt fJuwLg"
            >
              <a
                aria-label="/support/delete (opens in a new tab)"
                class="sc-hLBbgP lcnCbW"
                href="https://www.georgegillams.co.uk/api/support/delete"
                rel="noopener noreferrer"
                target="_blank"
              >
                <span
                  class="sc-jrcTuL ddyEiV"
                >
                  /support/delete
                </span>
                <div
                  class="sc-eDvSVe kRlCjo"
                >
                  <svg
                    class="sc-dkrFOg bLfPgZ sc-jSUZER kDBwKa"
                    height="18"
                    viewBox="0 0 24 24"
                    width="18"
                    xmlns="http://www.w3.org/2000/svg"
                  >
                    <path
                      d="M12.5 11.3c.4.4 1 .4 1.4 0L19 6.2V9c0 .6.4 1 1 1s1-.4 1-1V4c0-.6-.4-1-1-1h-5c-.6 0-1 .4-1 1s.4 1 1 1h2.4l-4.9 4.9c-.4.4-.4 1 0 1.4zM19 19c0 1.1-.9 2-2 2H5c-1.1 0-2-.9-2-2V7c0-1.1.9-2 2-2h7v2H5v12h12v-7h2"
                    />
                  </svg>
                </div>
              </a>
            </th>
            <th
              class="sc-hHTYSt fJuwLg"
            >
              <span
                class="sc-gswNZR iZwDAZ api-docsstyles__Method-sc-4t6xyo-2 jGEmiL"
              >
                POST
              </span>
            </th>
            <th
              class="sc-hHTYSt fJuwLg"
            >
              <span
                class="sc-gswNZR iZwDAZ"
              />
            </th>
            <th
              class="sc-hHTYSt fJuwLg"
            >
              <span
                class="sc-gswNZR iZwDAZ"
              >
                Admin only
              </span>
            </th>
            <th
              class="sc-hHTYSt fJuwLg"
            >
              <span
                class="sc-gswNZR iZwDAZ api-docsstyles__Description-sc-4t6xyo-1 dkIedw"
              >
                TODO
              </span>
            </th>
          </tr>
          <tr
            class="sc-dIfARi"
          >
            <th
              class="sc-hHTYSt fJuwLg"
            >
              <a
                aria-label="/support/load (opens in a new tab)"
                class="sc-hLBbgP lcnCbW"
                href="https://www.georgegillams.co.uk/api/support/load"
                rel="noopener noreferrer"
                target="_blank"
              >
                <span
                  class="sc-jrcTuL ddyEiV"
                >
                  /support/load
                </span>
                <div
                  class="sc-eDvSVe kRlCjo"
                >
                  <svg
                    class="sc-dkrFOg bLfPgZ sc-jSUZER kDBwKa"
                    height="18"
                    viewBox="0 0 24 24"
                    width="18"
                    xmlns="http://www.w3.org/2000/svg"
                  >
                    <path
                      d="M12.5 11.3c.4.4 1 .4 1.4 0L19 6.2V9c0 .6.4 1 1 1s1-.4 1-1V4c0-.6-.4-1-1-1h-5c-.6 0-1 .4-1 1s.4 1 1 1h2.4l-4.9 4.9c-.4.4-.4 1 0 1.4zM19 19c0 1.1-.9 2-2 2H5c-1.1 0-2-.9-2-2V7c0-1.1.9-2 2-2h7v2H5v12h12v-7h2"
                    />
                  </svg>
                </div>
              </a>
            </th>
            <th
              class="sc-hHTYSt fJuwLg"
            >
              <span
                class="sc-gswNZR iZwDAZ api-docsstyles__Method-sc-4t6xyo-2 jGEmiL"
              >
                GET
              </span>
            </th>
            <th
              class="sc-hHTYSt fJuwLg"
            >
              <span
                class="sc-gswNZR iZwDAZ"
              />
            </th>
            <th
              class="sc-hHTYSt fJuwLg"
            >
              <span
                class="sc-gswNZR iZwDAZ"
              >
                None
              </span>
            </th>
            <th
              class="sc-hHTYSt fJuwLg"
            >
              <span
                class="sc-gswNZR iZwDAZ api-docsstyles__Description-sc-4t6xyo-1 dkIedw"
              >
                TODO
              </span>
            </th>
          </tr>
          <tr
            class="sc-dIfARi"
          >
            <th
              class="sc-hHTYSt fJuwLg"
            >
              <a
                aria-label="/photo-showcase/load-all (opens in a new tab)"
                class="sc-hLBbgP lcnCbW"
                href="https://www.georgegillams.co.uk/api/photo-showcase/load-all"
                rel="noopener noreferrer"
                target="_blank"
              >
                <span
                  class="sc-jrcTuL ddyEiV"
                >
                  /photo-showcase/load-all
                </span>
                <div
                  class="sc-eDvSVe kRlCjo"
                >
                  <svg
                    class="sc-dkrFOg bLfPgZ sc-jSUZER kDBwKa"
                    height="18"
                    viewBox="0 0 24 24"
                    width="18"
                    xmlns="http://www.w3.org/2000/svg"
                  >
                    <path
                      d="M12.5 11.3c.4.4 1 .4 1.4 0L19 6.2V9c0 .6.4 1 1 1s1-.4 1-1V4c0-.6-.4-1-1-1h-5c-.6 0-1 .4-1 1s.4 1 1 1h2.4l-4.9 4.9c-.4.4-.4 1 0 1.4zM19 19c0 1.1-.9 2-2 2H5c-1.1 0-2-.9-2-2V7c0-1.1.9-2 2-2h7v2H5v12h12v-7h2"
                    />
                  </svg>
                </div>
              </a>
            </th>
            <th
              class="sc-hHTYSt fJuwLg"
            >
              <span
                class="sc-gswNZR iZwDAZ api-docsstyles__Method-sc-4t6xyo-2 jGEmiL"
              >
                GET
              </span>
            </th>
            <th
              class="sc-hHTYSt fJuwLg"
            >
              <span
                class="sc-gswNZR iZwDAZ"
              />
            </th>
            <th
              class="sc-hHTYSt fJuwLg"
            >
              <span
                class="sc-gswNZR iZwDAZ"
              >
                None
              </span>
            </th>
            <th
              class="sc-hHTYSt fJuwLg"
            >
              <span
                class="sc-gswNZR iZwDAZ api-docsstyles__Description-sc-4t6xyo-1 dkIedw"
              >
                Load images from Flickr showcase album
              </span>
            </th>
          </tr>
        </tbody>
      </table>
    </div>
  </div>
</div>
`;
